ARM Linker, 5.03 [Build 24] [MDK-ARM Professional]

==============================================================================

Section Cross References

    stm32f10x_it.o(.text) refers to stm32f10x_tim.o(.text) for TIM_GetITStatus
    stm32f10x_it.o(.text) refers to delay.o(.data) for TimingDelay_ms
    stm32f10x_it.o(.text) refers to stm32f10x_it.o(.data) for Time_ms
    stm32f10x_it.o(.text) refers to main.o(.data) for DutyCycle
    stm32f10x_it.o(.text) refers to system_stm32f10x.o(.data) for SystemCoreClock
    main.o(.text) refers to delay.o(.text) for SysTick_Init
    main.o(.text) refers to main.o(i._ZN3I2CC1E12_i2c_config_) for I2C::I2C(_i2c_config_)
    main.o(.text) refers to i2c_cpp.o(.text) for I2C::I2Cx_Init()
    main.o(.text) refers to memcpya.o(.text) for __aeabi_memcpy4
    main.o(.text) refers to uart_cpp.o(.text) for UARTx_Init
    main.o(.text) refers to dmp.o(.text) for dmp_init
    main.o(.text) refers to ultrasonic.o(.text) for Ultrasonic_init
    main.o(.text) refers to pwm_out.o(.text) for TIM3_GPIO_Config
    main.o(.text) refers to led.o(.text) for LED_GPIO_Config
    main.o(.text) refers to inv_mpu_dmp_motion_driver.o(.text) for dmp_read_fifo
    main.o(.text) refers to inv_mpu.o(.text) for mpu_get_temperature
    main.o(.text) refers to fflti.o(.text) for __aeabi_i2f
    main.o(.text) refers to fdiv.o(.text) for __aeabi_fdiv
    main.o(.text) refers to dflti.o(.text) for __aeabi_i2d
    main.o(.text) refers to dmul.o(.text) for __aeabi_dmul
    main.o(.text) refers to d2f.o(.text) for __aeabi_d2f
    main.o(.text) refers to fmul.o(.text) for __aeabi_fmul
    main.o(.text) refers to ffixi.o(.text) for __aeabi_f2iz
    main.o(.text) refers to main.o(.constdata) for static_config
    main.o(.text) refers to main.o(.data) for more
    main.o(.text) refers to main.o(.bss) for quat_dmp
    main.o(.ARM.exidx) refers to main.o(.text) for .text
    inv_mpu_dmp_motion_driver.o(.text) refers to inv_mpu.o(.text) for mpu_load_firmware
    inv_mpu_dmp_motion_driver.o(.text) refers to inv_mpu_dmp_motion_driver.o(.constdata) for dmp_memory
    inv_mpu_dmp_motion_driver.o(.text) refers to inv_mpu_dmp_motion_driver.o(.bss) for dmp
    inv_mpu_dmp_motion_driver.o(.text) refers to ffltui.o(.text) for __aeabi_ui2f
    inv_mpu_dmp_motion_driver.o(.text) refers to fdiv.o(.text) for __aeabi_fdiv
    inv_mpu_dmp_motion_driver.o(.text) refers to fmul.o(.text) for __aeabi_fmul
    inv_mpu_dmp_motion_driver.o(.text) refers to ffixui.o(.text) for __aeabi_f2uiz
    inv_mpu_dmp_motion_driver.o(.text) refers to memseta.o(.text) for __aeabi_memset
    inv_mpu_dmp_motion_driver.o(.text) refers to delay.o(.text) for stm32_get_ms
    dmp.o(.text) refers to inv_mpu.o(.text) for mpu_init
    dmp.o(.text) refers to inv_mpu_dmp_motion_driver.o(.text) for dmp_load_motion_driver_firmware
    dmp.o(.text) refers to dmp.o(.data) for new_gyro
    delay.o(.text) refers to misc.o(.text) for NVIC_PriorityGroupConfig
    delay.o(.text) refers to delay.o(.data) for TimingDelay_ms
    delay.o(.text) refers to system_stm32f10x.o(.data) for SystemCoreClock
    delay.o(.text) refers to stm32f10x_it.o(.data) for Time_ms
    inv_mpu.o(.text) refers to i2c_cpp.o(.text) for I2C_Write_dmp
    inv_mpu.o(.text) refers to delay.o(.text) for Delay_ms
    inv_mpu.o(.text) refers to inv_mpu.o(.data) for st
    inv_mpu.o(.text) refers to ffltui.o(.text) for __aeabi_ui2f
    inv_mpu.o(.text) refers to fflti.o(.text) for __aeabi_i2f
    inv_mpu.o(.text) refers to fadd.o(.text) for __aeabi_fsub
    inv_mpu.o(.text) refers to fdiv.o(.text) for __aeabi_fdiv
    inv_mpu.o(.text) refers to fmul.o(.text) for __aeabi_fmul
    inv_mpu.o(.text) refers to ffixi.o(.text) for __aeabi_f2iz
    inv_mpu.o(.text) refers to cfcmple.o(.text) for __aeabi_cfcmpeq
    inv_mpu.o(.text) refers to cfrcmple.o(.text) for __aeabi_cfrcmple
    inv_mpu.o(.text) refers to inv_mpu.o(.constdata) for test
    inv_mpu.o(.text) refers to ldiv.o(.text) for __aeabi_ldivmod
    inv_mpu.o(.text) refers to memcmp.o(.text) for memcmp
    inv_mpu.o(.data) refers to inv_mpu.o(.constdata) for reg
    i2c_cpp.o(.text) refers to stm32f10x_i2c.o(.text) for I2C_GetFlagStatus
    i2c_cpp.o(.text) refers to memcpya.o(.text) for __aeabi_memcpy4
    i2c_cpp.o(.text) refers to stm32f10x_rcc.o(.text) for RCC_APB2PeriphClockCmd
    i2c_cpp.o(.text) refers to i2c_cpp.o(.data) for I2C_TimeOut_C
    i2c_cpp.o(.text) refers to i2c_cpp.o(.constdata) for .constdata
    i2c_cpp.o(.text) refers to stm32f10x_gpio.o(.text) for GPIO_Init
    i2c_cpp.o(.ARM.exidx) refers to i2c_cpp.o(.text) for .text
    uart_cpp.o(.text) refers to stm32f10x_rcc.o(.text) for RCC_APB2PeriphClockCmd
    uart_cpp.o(.text) refers to stm32f10x_gpio.o(.text) for GPIO_Init
    uart_cpp.o(.text) refers to stm32f10x_usart.o(.text) for USART_Init
    uart_cpp.o(.ARM.exidx) refers to uart_cpp.o(.text) for .text
    ultrasonic.o(.text) refers to i2c_cpp.o(.text) for I2C_WriteBytes_C
[...]
    lib_rtti_impl.o(.constdata__ZTVN10__cxxabiv117__pbase_type_infoE) refers to lib_rtti_impl.o(i._ZN10__cxxabiv117__pbase_type_infoD0Ev) for __cxxabiv1::__pbase_type_info::~__pbase_type_info__deallocating()
    lib_rtti_impl.o(.constdata__ZTVN10__cxxabiv119__pointer_type_infoE) refers to lib_rtti_impl.o(.constdata__ZTIN10__cxxabiv119__pointer_type_infoE) for typeinfo for __cxxabiv1::__pointer_type_info
    lib_rtti_impl.o(.constdata__ZTVN10__cxxabiv119__pointer_type_infoE) refers to lib_rtti_impl.o(i._ZN10__cxxabiv119__pointer_type_infoD1Ev) for __cxxabiv1::__pointer_type_info::~__pointer_type_info()
    lib_rtti_impl.o(.constdata__ZTVN10__cxxabiv119__pointer_type_infoE) refers to lib_rtti_impl.o(i._ZN10__cxxabiv119__pointer_type_infoD0Ev) for __cxxabiv1::__pointer_type_info::~__pointer_type_info__deallocating()
    lib_rtti_impl.o(.constdata__ZTVN10__cxxabiv129__pointer_to_member_type_infoE) refers to lib_rtti_impl.o(.constdata__ZTIN10__cxxabiv129__pointer_to_member_type_infoE) for typeinfo for __cxxabiv1::__pointer_to_member_type_info
    lib_rtti_impl.o(.constdata__ZTVN10__cxxabiv129__pointer_to_member_type_infoE) refers to lib_rtti_impl.o(i._ZN10__cxxabiv129__pointer_to_member_type_infoD1Ev) for __cxxabiv1::__pointer_to_member_type_info::~__pointer_to_member_type_info()
    lib_rtti_impl.o(.constdata__ZTVN10__cxxabiv129__pointer_to_member_type_infoE) refers to lib_rtti_impl.o(i._ZN10__cxxabiv129__pointer_to_member_type_infoD0Ev) for __cxxabiv1::__pointer_to_member_type_info::~__pointer_to_member_type_info__deallocating()
    lib_rtti_impl.o(.constdata__ZTIN10__cxxabiv123__fundamental_type_infoE) refers to lib_rtti_impl.o(.constdata__ZTVN10__cxxabiv120__si_class_type_infoE) for vtable for __cxxabiv1::__si_class_type_info
    lib_rtti_impl.o(.constdata__ZTIN10__cxxabiv123__fundamental_type_infoE) refers to lib_rtti_impl.o(.constdata__ZTSN10__cxxabiv123__fundamental_type_infoE) for typeinfo name for __cxxabiv1::__fundamental_type_info
    lib_rtti_impl.o(.constdata__ZTIN10__cxxabiv123__fundamental_type_infoE) refers to type_info_dtor.o(.constdata__ZTISt9type_info) for typeinfo for std::type_info
    lib_rtti_impl.o(.constdata__ZTIN10__cxxabiv117__array_type_infoE) refers to lib_rtti_impl.o(.constdata__ZTVN10__cxxabiv120__si_class_type_infoE) for vtable for __cxxabiv1::__si_class_type_info
    lib_rtti_impl.o(.constdata__ZTIN10__cxxabiv117__array_type_infoE) refers to lib_rtti_impl.o(.constdata__ZTSN10__cxxabiv117__array_type_infoE) for typeinfo name for __cxxabiv1::__array_type_info
    lib_rtti_impl.o(.constdata__ZTIN10__cxxabiv117__array_type_infoE) refers to type_info_dtor.o(.constdata__ZTISt9type_info) for typeinfo for std::type_info
    lib_rtti_impl.o(.constdata__ZTIN10__cxxabiv120__function_type_infoE) refers to lib_rtti_impl.o(.constdata__ZTVN10__cxxabiv120__si_class_type_infoE) for vtable for __cxxabiv1::__si_class_type_info
    lib_rtti_impl.o(.constdata__ZTIN10__cxxabiv120__function_type_infoE) refers to lib_rtti_impl.o(.constdata__ZTSN10__cxxabiv120__function_type_infoE) for typeinfo name for __cxxabiv1::__function_type_info
    lib_rtti_impl.o(.constdata__ZTIN10__cxxabiv120__function_type_infoE) refers to type_info_dtor.o(.constdata__ZTISt9type_info) for typeinfo for std::type_info
    lib_rtti_impl.o(.constdata__ZTIN10__cxxabiv116__enum_type_infoE) refers to lib_rtti_impl.o(.constdata__ZTVN10__cxxabiv120__si_class_type_infoE) for vtable for __cxxabiv1::__si_class_type_info
    lib_rtti_impl.o(.constdata__ZTIN10__cxxabiv116__enum_type_infoE) refers to lib_rtti_impl.o(.constdata__ZTSN10__cxxabiv116__enum_type_infoE) for typeinfo name for __cxxabiv1::__enum_type_info
    lib_rtti_impl.o(.constdata__ZTIN10__cxxabiv116__enum_type_infoE) refers to type_info_dtor.o(.constdata__ZTISt9type_info) for typeinfo for std::type_info
    lib_rtti_impl.o(.constdata__ZTIN10__cxxabiv117__class_type_infoE) refers to lib_rtti_impl.o(.constdata__ZTVN10__cxxabiv120__si_class_type_infoE) for vtable for __cxxabiv1::__si_class_type_info
    lib_rtti_impl.o(.constdata__ZTIN10__cxxabiv117__class_type_infoE) refers to lib_rtti_impl.o(.constdata__ZTSN10__cxxabiv117__class_type_infoE) for typeinfo name for __cxxabiv1::__class_type_info
    lib_rtti_impl.o(.constdata__ZTIN10__cxxabiv117__class_type_infoE) refers to type_info_dtor.o(.constdata__ZTISt9type_info) for typeinfo for std::type_info
    lib_rtti_impl.o(.constdata__ZTIN10__cxxabiv120__si_class_type_infoE) refers to lib_rtti_impl.o(.constdata__ZTVN10__cxxabiv120__si_class_type_infoE) for vtable for __cxxabiv1::__si_class_type_info
    lib_rtti_impl.o(.constdata__ZTIN10__cxxabiv120__si_class_type_infoE) refers to lib_rtti_impl.o(.constdata__ZTSN10__cxxabiv120__si_class_type_infoE) for typeinfo name for __cxxabiv1::__si_class_type_info
    lib_rtti_impl.o(.constdata__ZTIN10__cxxabiv120__si_class_type_infoE) refers to lib_rtti_impl.o(.constdata__ZTIN10__cxxabiv117__class_type_infoE) for typeinfo for __cxxabiv1::__class_type_info
    lib_rtti_impl.o(.constdata__ZTIN10__cxxabiv121__vmi_class_type_infoE) refers to lib_rtti_impl.o(.constdata__ZTVN10__cxxabiv120__si_class_type_infoE) for vtable for __cxxabiv1::__si_class_type_info
    lib_rtti_impl.o(.constdata__ZTIN10__cxxabiv121__vmi_class_type_infoE) refers to lib_rtti_impl.o(.constdata__ZTSN10__cxxabiv121__vmi_class_type_infoE) for typeinfo name for __cxxabiv1::__vmi_class_type_info
    lib_rtti_impl.o(.constdata__ZTIN10__cxxabiv121__vmi_class_type_infoE) refers to lib_rtti_impl.o(.constdata__ZTIN10__cxxabiv117__class_type_infoE) for typeinfo for __cxxabiv1::__class_type_info
    lib_rtti_impl.o(.constdata__ZTIN10__cxxabiv117__pbase_type_infoE) refers to lib_rtti_impl.o(.constdata__ZTVN10__cxxabiv120__si_class_type_infoE) for vtable for __cxxabiv1::__si_class_type_info
    lib_rtti_impl.o(.constdata__ZTIN10__cxxabiv117__pbase_type_infoE) refers to lib_rtti_impl.o(.constdata__ZTSN10__cxxabiv117__pbase_type_infoE) for typeinfo name for __cxxabiv1::__pbase_type_info
    lib_rtti_impl.o(.constdata__ZTIN10__cxxabiv117__pbase_type_infoE) refers to type_info_dtor.o(.constdata__ZTISt9type_info) for typeinfo for std::type_info
    lib_rtti_impl.o(.constdata__ZTIN10__cxxabiv119__pointer_type_infoE) refers to lib_rtti_impl.o(.constdata__ZTVN10__cxxabiv120__si_class_type_infoE) for vtable for __cxxabiv1::__si_class_type_info
    lib_rtti_impl.o(.constdata__ZTIN10__cxxabiv119__pointer_type_infoE) refers to lib_rtti_impl.o(.constdata__ZTSN10__cxxabiv119__pointer_type_infoE) for typeinfo name for __cxxabiv1::__pointer_type_info
    lib_rtti_impl.o(.constdata__ZTIN10__cxxabiv119__pointer_type_infoE) refers to lib_rtti_impl.o(.constdata__ZTIN10__cxxabiv117__pbase_type_infoE) for typeinfo for __cxxabiv1::__pbase_type_info
    lib_rtti_impl.o(.constdata__ZTIN10__cxxabiv129__pointer_to_member_type_infoE) refers to lib_rtti_impl.o(.constdata__ZTVN10__cxxabiv120__si_class_type_infoE) for vtable for __cxxabiv1::__si_class_type_info
    lib_rtti_impl.o(.constdata__ZTIN10__cxxabiv129__pointer_to_member_type_infoE) refers to lib_rtti_impl.o(.constdata__ZTSN10__cxxabiv129__pointer_to_member_type_infoE) for typeinfo name for __cxxabiv1::__pointer_to_member_type_info
    lib_rtti_impl.o(.constdata__ZTIN10__cxxabiv129__pointer_to_member_type_infoE) refers to lib_rtti_impl.o(.constdata__ZTIN10__cxxabiv117__pbase_type_infoE) for typeinfo for __cxxabiv1::__pbase_type_info
    type_info_dtor.o(.constdata__ZTVSt9type_info) refers to type_info_dtor.o(.constdata__ZTISt9type_info) for typeinfo for std::type_info
    type_info_dtor.o(.constdata__ZTVSt9type_info) refers to type_info_dtor.o(i._ZNSt9type_infoD1Ev) for std::type_info::~type_info()
    type_info_dtor.o(.constdata__ZTVSt9type_info) refers to type_info_dtor.o(i._ZNSt9type_infoD0Ev) for std::type_info::~type_info__deallocating()
    type_info_dtor.o(.constdata__ZTISt9type_info) refers to lib_rtti_impl.o(.constdata__ZTVN10__cxxabiv117__class_type_infoE) for vtable for __cxxabiv1::__class_type_info
    type_info_dtor.o(.constdata__ZTISt9type_info) refers to type_info_dtor.o(.constdata__ZTSSt9type_info) for typeinfo name for std::type_info


==============================================================================

Removing Unused input sections from the image.

    Removing main.o(.ARM.exidx), (8 bytes).
    Removing i2c_cpp.o(.ARM.exidx), (8 bytes).
    Removing uart_cpp.o(.ARM.exidx), (8 bytes).
    Removing stm32f10x_adc.o(.text), (1102 bytes).
    Removing stm32f10x_bkp.o(.text), (196 bytes).
    Removing stm32f10x_can.o(.text), (2536 bytes).
    Removing stm32f10x_cec.o(.text), (288 bytes).
    Removing stm32f10x_crc.o(.text), (72 bytes).
    Removing stm32f10x_dac.o(.text), (396 bytes).
    Removing stm32f10x_dbgmcu.o(.text), (48 bytes).
    Removing stm32f10x_dma.o(.text), (592 bytes).
    Removing stm32f10x_exti.o(.text), (284 bytes).
    Removing stm32f10x_flash.o(.text), (1468 bytes).
    Removing stm32f10x_fsmc.o(.text), (1560 bytes).
    Removing stm32f10x_iwdg.o(.text), (64 bytes).
    Removing stm32f10x_pwr.o(.text), (204 bytes).
    Removing stm32f10x_rtc.o(.text), (324 bytes).
    Removing stm32f10x_sdio.o(.text), (472 bytes).
    Removing stm32f10x_spi.o(.text), (780 bytes).
    Removing stm32f10x_wwdg.o(.text), (136 bytes).
    Removing startup_stm32f10x_md.o(HEAP), (512 bytes).
    Removing core_cm3.o(.emb_text), (32 bytes).
    Removing main.o(.ARM.exidx), (8 bytes).
    Removing main.o(.constdata__ZTI3I2C), (8 bytes).
    Removing main.o(.constdata__ZTS3I2C), (5 bytes).
    Removing main.o(i._ZN3I2CD1Ev), (2 bytes).
    Removing main.o(.ARM.exidx), (8 bytes).
    Removing main.o(i._ZN3I2CD0Ev), (16 bytes).
    Removing main.o(.ARM.exidx), (8 bytes).

29 unused section(s) (total 11145 bytes) removed from the image.

==============================================================================

Image Symbol Table

    Local Symbols

    Symbol Name                              Value     Ov Type        Size  Object(Section)

    ../../../edgfe/lib_src/delete.c          0x00000000   Number         0  delete.o ABSOLUTE
    ../../../edgfe/lib_src/typeinfo.c        0x00000000   Number         0  type_info_dtor.o ABSOLUTE
    ../../../edgfe/lib_src/typeinfo.c        0x00000000   Number         0  lib_rtti_impl.o ABSOLUTE
    ../clib/microlib/division.c              0x00000000   Number         0  ldiv.o ABSOLUTE
    ../clib/microlib/division.c              0x00000000   Number         0  uldiv.o ABSOLUTE
    ../clib/microlib/init/entry.s            0x00000000   Number         0  entry7b.o ABSOLUTE
    ../clib/microlib/init/entry.s            0x00000000   Number         0  entry8a.o ABSOLUTE
    ../clib/microlib/init/entry.s            0x00000000   Number         0  entry2.o ABSOLUTE
    ../clib/microlib/init/entry.s            0x00000000   Number         0  entry7a.o ABSOLUTE
    ../clib/microlib/init/entry.s            0x00000000   Number         0  entry5.o ABSOLUTE
    ../clib/microlib/init/entry.s            0x00000000   Number         0  entry8b.o ABSOLUTE
    ../clib/microlib/init/entry.s            0x00000000   Number         0  entry11a.o ABSOLUTE
    ../clib/microlib/init/entry.s            0x00000000   Number         0  entry10a.o ABSOLUTE
    ../clib/microlib/init/entry.s            0x00000000   Number         0  entry.o ABSOLUTE
    ../clib/microlib/init/entry.s            0x00000000   Number         0  entry9a.o ABSOLUTE
    ../clib/microlib/init/entry.s            0x00000000   Number         0  entry10b.o ABSOLUTE
    ../clib/microlib/init/entry.s            0x00000000   Number         0  entry9b.o ABSOLUTE
    ../clib/microlib/init/entry.s            0x00000000   Number         0  entry11b.o ABSOLUTE
    ../clib/microlib/longlong.c              0x00000000   Number         0  llshl.o ABSOLUTE
    ../clib/microlib/longlong.c              0x00000000   Number         0  llushr.o ABSOLUTE
    ../clib/microlib/malloc/malloc.c         0x00000000   Number         0  mallocr.o ABSOLUTE
    ../clib/microlib/malloc/malloc.c         0x00000000   Number         0  malloc.o ABSOLUTE
    ../clib/microlib/malloc/malloc.c         0x00000000   Number         0  malloca.o ABSOLUTE
    ../clib/microlib/malloc/malloc.c         0x00000000   Number         0  mallocra.o ABSOLUTE
    ../clib/microlib/malloc/mvars.c          0x00000000   Number         0  mvars.o ABSOLUTE
    ../clib/microlib/string/memcmp.c         0x00000000   Number         0  memcmp.o ABSOLUTE
    ../clib/microlib/string/memcpy.c         0x00000000   Number         0  memcpyb.o ABSOLUTE
    ../clib/microlib/string/memcpy.c         0x00000000   Number         0  memcpya.o ABSOLUTE
    ../clib/microlib/string/memset.c         0x00000000   Number         0  memseta.o ABSOLUTE
    ../clib/microlib/stubs.s                 0x00000000   Number         0  iusefp.o ABSOLUTE
    ../fplib/microlib/d2f.c                  0x00000000   Number         0  d2f.o ABSOLUTE
    ../fplib/microlib/f2d.c                  0x00000000   Number         0  f2d.o ABSOLUTE
    ../fplib/microlib/fpadd.c                0x00000000   Number         0  fadd.o ABSOLUTE
    ../fplib/microlib/fpdiv.c                0x00000000   Number         0  fdiv.o ABSOLUTE
    ../fplib/microlib/fpepilogue.c           0x00000000   Number         0  fepilogue.o ABSOLUTE
    ../fplib/microlib/fpepilogue.c           0x00000000   Number         0  depilogue.o ABSOLUTE
    ../fplib/microlib/fpfix.c                0x00000000   Number         0  ffixi.o ABSOLUTE
    ../fplib/microlib/fpfix.c                0x00000000   Number         0  ffixui.o ABSOLUTE
    ../fplib/microlib/fpflt.c                0x00000000   Number         0  dfltui.o ABSOLUTE
    ../fplib/microlib/fpflt.c                0x00000000   Number         0  dflti.o ABSOLUTE
    ../fplib/microlib/fpflt.c                0x00000000   Number         0  fflti.o ABSOLUTE
    ../fplib/microlib/fpflt.c                0x00000000   Number         0  ffltui.o ABSOLUTE
    ../fplib/microlib/fpmul.c                0x00000000   Number         0  fmul.o ABSOLUTE
    ../fplib/microlib/fpmul.c                0x00000000   Number         0  dmul.o ABSOLUTE
    ..\..\Lib\CMSIS\CM3\CoreSupport\core_cm3.c 0x00000000   Number         0  core_cm3.o ABSOLUTE
    ..\..\Lib\CMSIS\CM3\DeviceSupport\ST\STM32F10x\startup\arm\startup_stm32f10x_md.s 0x00000000   Number         0  startup_stm32f10x_md.o ABSOLUTE
    ..\..\Lib\CMSIS\CM3\DeviceSupport\ST\STM32F10x\system_stm32f10x.c 0x00000000   Number         0  system_stm32f10x.o ABSOLUTE
    ..\..\Lib\STM32F10x_StdPeriph_Driver\src\misc.c 0x00000000   Number         0  misc.o ABSOLUTE
    ..\..\Lib\STM32F10x_StdPeriph_Driver\src\stm32f10x_adc.c 0x00000000   Number         0  stm32f10x_adc.o ABSOLUTE
    ..\..\Lib\STM32F10x_StdPeriph_Driver\src\stm32f10x_bkp.c 0x00000000   Number         0  stm32f10x_bkp.o ABSOLUTE
    ..\..\Lib\STM32F10x_StdPeriph_Driver\src\stm32f10x_can.c 0x00000000   Number         0  stm32f10x_can.o ABSOLUTE
    ..\..\Lib\STM32F10x_StdPeriph_Driver\src\stm32f10x_cec.c 0x00000000   Number         0  stm32f10x_cec.o ABSOLUTE
    ..\..\Lib\STM32F10x_StdPeriph_Driver\src\stm32f10x_crc.c 0x00000000   Number         0  stm32f10x_crc.o ABSOLUTE
    ..\..\Lib\STM32F10x_StdPeriph_Driver\src\stm32f10x_dac.c 0x00000000   Number         0  stm32f10x_dac.o ABSOLUTE
    ..\..\Lib\STM32F10x_StdPeriph_Driver\src\stm32f10x_dbgmcu.c 0x00000000   Number         0  stm32f10x_dbgmcu.o ABSOLUTE
    ..\..\Lib\STM32F10x_StdPeriph_Driver\src\stm32f10x_dma.c 0x00000000   Number         0  stm32f10x_dma.o ABSOLUTE
    ..\..\Lib\STM32F10x_StdPeriph_Driver\src\stm32f10x_exti.c 0x00000000   Number         0  stm32f10x_exti.o ABSOLUTE
    ..\..\Lib\STM32F10x_StdPeriph_Driver\src\stm32f10x_flash.c 0x00000000   Number         0  stm32f10x_flash.o ABSOLUTE
    ..\..\Lib\STM32F10x_StdPeriph_Driver\src\stm32f10x_fsmc.c 0x00000000   Number         0  stm32f10x_fsmc.o ABSOLUTE
    ..\..\Lib\STM32F10x_StdPeriph_Driver\src\stm32f10x_gpio.c 0x00000000   Number         0  stm32f10x_gpio.o ABSOLUTE
    ..\..\Lib\STM32F10x_StdPeriph_Driver\src\stm32f10x_i2c.c 0x00000000   Number         0  stm32f10x_i2c.o ABSOLUTE
    ..\..\Lib\STM32F10x_StdPeriph_Driver\src\stm32f10x_iwdg.c 0x00000000   Number         0  stm32f10x_iwdg.o ABSOLUTE
    ..\..\Lib\STM32F10x_StdPeriph_Driver\src\stm32f10x_pwr.c 0x00000000   Number         0  stm32f10x_pwr.o ABSOLUTE
    ..\..\Lib\STM32F10x_StdPeriph_Driver\src\stm32f10x_rcc.c 0x00000000   Number         0  stm32f10x_rcc.o ABSOLUTE
    ..\..\Lib\STM32F10x_StdPeriph_Driver\src\stm32f10x_rtc.c 0x00000000   Number         0  stm32f10x_rtc.o ABSOLUTE
    ..\..\Lib\STM32F10x_StdPeriph_Driver\src\stm32f10x_sdio.c 0x00000000   Number         0  stm32f10x_sdio.o ABSOLUTE
    ..\..\Lib\STM32F10x_StdPeriph_Driver\src\stm32f10x_spi.c 0x00000000   Number         0  stm32f10x_spi.o ABSOLUTE
    ..\..\Lib\STM32F10x_StdPeriph_Driver\src\stm32f10x_tim.c 0x00000000   Number         0  stm32f10x_tim.o ABSOLUTE
    ..\..\Lib\STM32F10x_StdPeriph_Driver\src\stm32f10x_usart.c 0x00000000   Number         0  stm32f10x_usart.o ABSOLUTE
    ..\..\Lib\STM32F10x_StdPeriph_Driver\src\stm32f10x_wwdg.c 0x00000000   Number         0  stm32f10x_wwdg.o ABSOLUTE
    ..\..\User\LED.c                         0x00000000   Number         0  led.o ABSOLUTE
    ..\..\User\PWM_out.c                     0x00000000   Number         0  pwm_out.o ABSOLUTE
    ..\..\User\Ultrasonic.c                  0x00000000   Number         0  ultrasonic.o ABSOLUTE
    ..\..\User\delay.c                       0x00000000   Number         0  delay.o ABSOLUTE
    ..\..\User\dmp\DMP.c                     0x00000000   Number         0  dmp.o ABSOLUTE
    ..\..\User\dmp\inv_mpu.c                 0x00000000   Number         0  inv_mpu.o ABSOLUTE
    ..\..\User\dmp\inv_mpu_dmp_motion_driver.c 0x00000000   Number         0  inv_mpu_dmp_motion_driver.o ABSOLUTE
    ..\..\User\i2c_cpp.cpp                   0x00000000   Number         0  i2c_cpp.o ABSOLUTE
    ..\..\User\main.cpp                      0x00000000   Number         0  main.o ABSOLUTE
    ..\..\User\stm32f10x_it.c                0x00000000   Number         0  stm32f10x_it.o ABSOLUTE
    ..\..\User\uart_cpp.cpp                  0x00000000   Number         0  uart_cpp.o ABSOLUTE
    ..\\..\\Lib\\CMSIS\\CM3\\CoreSupport\\core_cm3.c 0x00000000   Number         0  core_cm3.o ABSOLUTE
    cdcmple.s                                0x00000000   Number         0  cdcmple.o ABSOLUTE
    cdrcmple.s                               0x00000000   Number         0  cdrcmple.o ABSOLUTE
    cfcmple.s                                0x00000000   Number         0  cfcmple.o ABSOLUTE
    cfrcmple.s                               0x00000000   Number         0  cfrcmple.o ABSOLUTE
    dc.s                                     0x00000000   Number         0  dc.o ABSOLUTE
    handlers.s                               0x00000000   Number         0  handlers.o ABSOLUTE
    init.s                                   0x00000000   Number         0  init.o ABSOLUTE
    RESET                                    0x08000000   Section      236  startup_stm32f10x_md.o(RESET)
    .ARM.Collect$$$$00000000                 0x080000ec   Section        0  entry.o(.ARM.Collect$$$$00000000)
    .ARM.Collect$$$$00000001                 0x080000ec   Section        4  entry2.o(.ARM.Collect$$$$00000001)
    .ARM.Collect$$$$00000004                 0x080000f0   Section        4  entry5.o(.ARM.Collect$$$$00000004)
    .ARM.Collect$$$$00000008                 0x080000f4   Section        0  entry7b.o(.ARM.Collect$$$$00000008)
    .ARM.Collect$$$$0000000A                 0x080000f4   Section        0  entry8b.o(.ARM.Collect$$$$0000000A)
    .ARM.Collect$$$$0000000B                 0x080000f4   Section        8  entry9a.o(.ARM.Collect$$$$0000000B)
    .ARM.Collect$$$$0000000D                 0x080000fc   Section        0  entry10a.o(.ARM.Collect$$$$0000000D)
    .ARM.Collect$$$$0000000F                 0x080000fc   Section        0  entry11a.o(.ARM.Collect$$$$0000000F)
    .ARM.Collect$$$$00002712                 0x080000fc   Section        4  entry2.o(.ARM.Collect$$$$00002712)
    __lit__00000000                          0x080000fc   Data           4  entry2.o(.ARM.Collect$$$$00002712)
    .text                                    0x08000100   Section        0  stm32f10x_it.o(.text)
    .text                                    0x08000258   Section        0  main.o(.text)
    .text                                    0x08000434   Section        0  inv_mpu_dmp_motion_driver.o(.text)
    decode_gesture                           0x08000eed   Thumb Code    94  inv_mpu_dmp_motion_driver.o(.text)
    .text                                    0x080011a0   Section        0  dmp.o(.text)
    gyro_data_ready_cb                       0x080011a1   Thumb Code     8  dmp.o(.text)
    inv_row_2_scale                          0x080011a9   Thumb Code    78  dmp.o(.text)
    inv_orientation_matrix_to_scalar         0x080011f7   Thumb Code    40  dmp.o(.text)
    .text                                    0x08001288   Section        0  delay.o(.text)
    .text                                    0x080013a0   Section        0  inv_mpu.o(.text)
    set_int_enable                           0x080013a1   Thumb Code   138  inv_mpu.o(.text)
    get_accel_prod_shift                     0x08002593   Thumb Code   168  inv_mpu.o(.text)
    accel_self_test                          0x0800263b   Thumb Code   164  inv_mpu.o(.text)
    gyro_self_test                           0x080026df   Thumb Code   278  inv_mpu.o(.text)
    get_st_biases                            0x080027f5   Thumb Code  1134  inv_mpu.o(.text)
    .text                                    0x080031c8   Section        0  i2c_cpp.o(.text)
    .text                                    0x08003bb0   Section        0  uart_cpp.o(.text)
    .text                                    0x08003c7c   Section        0  ultrasonic.o(.text)
    .text                                    0x08003d84   Section        0  pwm_out.o(.text)
    .text                                    0x08003f68   Section        0  led.o(.text)
    LED_DISPLAY0                             0x08003f69   Thumb Code    48  led.o(.text)
    LED_DISPLAY1                             0x08003f99   Thumb Code    32  led.o(.text)
    LED_DISPLAY2                             0x08003fb9   Thumb Code    44  led.o(.text)
    LED_DISPLAY3                             0x08003fe5   Thumb Code    44  led.o(.text)
    LED_DISPLAY4                             0x08004011   Thumb Code    40  led.o(.text)
    LED_DISPLAY5                             0x08004039   Thumb Code    44  led.o(.text)
    LED_DISPLAY6                             0x08004065   Thumb Code    48  led.o(.text)
    LED_DISPLAY7                             0x08004095   Thumb Code    36  led.o(.text)
    LED_DISPLAY8                             0x080040b9   Thumb Code    42  led.o(.text)
    LED_DISPLAY9                             0x080040e3   Thumb Code    38  led.o(.text)
    LED_DISPLAYA                             0x08004109   Thumb Code    38  led.o(.text)
    LED_DISPLAYb                             0x0800412f   Thumb Code    44  led.o(.text)
    LED_DISPLAYC                             0x0800415b   Thumb Code    40  led.o(.text)
    LED_DISPLAYd                             0x08004183   Thumb Code    44  led.o(.text)
    LED_DISPLAYE                             0x080041af   Thumb Code    44  led.o(.text)
    LED_DISPLAYF                             0x080041db   Thumb Code    40  led.o(.text)
    LED_DISPLAY_                             0x08004203   Thumb Code    28  led.o(.text)
    LED_DISPLAYDOT                           0x0800421f   Thumb Code    18  led.o(.text)
    LED_DISPLAYNULL                          0x08004231   Thumb Code   114  led.o(.text)
    Display                                  0x0800432d   Thumb Code   190  led.o(.text)
    update_LED_State                         0x080043eb   Thumb Code    36  led.o(.text)
    Update_NUM_ToDis                         0x0800440f   Thumb Code   254  led.o(.text)
    Update_Angle_ToDis                       0x0800459f   Thumb Code   112  led.o(.text)
    ON_LEFT_LEDNum                           0x08004871   Thumb Code    12  led.o(.text)
    OFF_LEFT_LEDNum                          0x0800487d   Thumb Code    12  led.o(.text)
    ON_MIDDLE_LEDNum                         0x08004889   Thumb Code    12  led.o(.text)
    OFF_MIDDLE_LEDNum                        0x08004895   Thumb Code    12  led.o(.text)
    ON_RIGHT_LEDNum                          0x080048a1   Thumb Code    12  led.o(.text)
    OFF_RIGHT_LEDNum                         0x080048ad   Thumb Code    12  led.o(.text)
    ON_LED_CODE_1                            0x080048b9   Thumb Code    12  led.o(.text)
    ON_LED_CODE_2                            0x080048c5   Thumb Code    14  led.o(.text)
    ON_LED_CODE_4                            0x080048d3   Thumb Code    14  led.o(.text)
    ON_LED_CODE_5                            0x080048e1   Thumb Code    14  led.o(.text)
    ON_LED_CODE_7                            0x080048ef   Thumb Code    14  led.o(.text)
    ON_LED_CODE_10                           0x080048fd   Thumb Code    14  led.o(.text)
    ON_LED_CODE_11                           0x0800490b   Thumb Code    14  led.o(.text)
    .text                                    0x08004924   Section        0  misc.o(.text)
    .text                                    0x08004a00   Section        0  stm32f10x_gpio.o(.text)
    .text                                    0x08004d58   Section        0  stm32f10x_i2c.o(.text)
    .text                                    0x0800515c   Section        0  stm32f10x_rcc.o(.text)
    .text                                    0x08005500   Section        0  stm32f10x_tim.o(.text)
    TI4_Config                               0x080059a7   Thumb Code   130  stm32f10x_tim.o(.text)
    TI3_Config                               0x08005a3b   Thumb Code   122  stm32f10x_tim.o(.text)
    TI2_Config                               0x08005acf   Thumb Code   130  stm32f10x_tim.o(.text)
    TI1_Config                               0x08005b63   Thumb Code   108  stm32f10x_tim.o(.text)
    .text                                    0x0800631c   Section        0  stm32f10x_usart.o(.text)
    .text                                    0x08006724   Section       36  startup_stm32f10x_md.o(.text)
    .text                                    0x08006748   Section        0  system_stm32f10x.o(.text)
    SetSysClockTo72                          0x08006749   Thumb Code   212  system_stm32f10x.o(.text)
    SetSysClock                              0x0800681d   Thumb Code     8  system_stm32f10x.o(.text)
    .text                                    0x08006924   Section        0  ldiv.o(.text)
    .text                                    0x0800697e   Section        0  memcpya.o(.text)
    .text                                    0x080069a2   Section        0  memseta.o(.text)
    .text                                    0x080069c6   Section        0  memcmp.o(.text)
    .text                                    0x080069e0   Section        0  fadd.o(.text)
    .text                                    0x08006a90   Section        0  fmul.o(.text)
    .text                                    0x08006afc   Section        0  fdiv.o(.text)
    .text                                    0x08006b7c   Section        0  dmul.o(.text)
    .text                                    0x08006c60   Section        0  fflti.o(.text)
    .text                                    0x08006c72   Section        0  ffltui.o(.text)
    .text                                    0x08006c7c   Section        0  dflti.o(.text)
    .text                                    0x08006c9e   Section        0  dfltui.o(.text)
    .text                                    0x08006cb8   Section        0  ffixi.o(.text)
    .text                                    0x08006cea   Section        0  ffixui.o(.text)
    .text                                    0x08006d12   Section        0  f2d.o(.text)
    .text                                    0x08006d38   Section       40  cdcmple.o(.text)
    .text                                    0x08006d60   Section       40  cdrcmple.o(.text)
    .text                                    0x08006d88   Section        0  d2f.o(.text)
    .text                                    0x08006dc0   Section       20  cfcmple.o(.text)
    .text                                    0x08006dd4   Section       20  cfrcmple.o(.text)
    .text                                    0x08006de8   Section        0  uldiv.o(.text)
    .text                                    0x08006e4a   Section        0  iusefp.o(.text)
    .text                                    0x08006e4a   Section        0  fepilogue.o(.text)
    .text                                    0x08006eb6   Section        0  depilogue.o(.text)
    .text                                    0x08006f74   Section       36  init.o(.text)
    .text                                    0x08006f98   Section        0  llshl.o(.text)
    .text                                    0x08006fb6   Section        0  llushr.o(.text)
    i._ZN3I2CC1E12_i2c_config_               0x08006fd8   Section        0  main.o(i._ZN3I2CC1E12_i2c_config_)
    i.__scatterload_copy                     0x08006ffc   Section       14  handlers.o(i.__scatterload_copy)
    i.__scatterload_null                     0x0800700a   Section        2  handlers.o(i.__scatterload_null)
    i.__scatterload_zeroinit                 0x0800700c   Section       14  handlers.o(i.__scatterload_zeroinit)
    .constdata                               0x0800701c   Section       48  main.o(.constdata)
    static_config                            0x0800701c   Data          24  main.o(.constdata)
    .constdata                               0x0800704c   Section     3062  inv_mpu_dmp_motion_driver.o(.constdata)
    dmp_memory                               0x0800704c   Data        3062  inv_mpu_dmp_motion_driver.o(.constdata)
    .constdata                               0x08007c44   Section       84  inv_mpu.o(.constdata)
    .constdata                               0x08007c98   Section        8  i2c_cpp.o(.constdata)
    .constdata__ZTV3I2C                      0x08007ca0   Section       16  main.o(.constdata__ZTV3I2C)
    .data                                    0x20000000   Section       20  stm32f10x_it.o(.data)
    IC2Value                                 0x20000004   Data           2  stm32f10x_it.o(.data)
    TIM_IT_Update_status                     0x20000006   Data           1  stm32f10x_it.o(.data)
    TIM_IT_CC2_status                        0x20000007   Data           1  stm32f10x_it.o(.data)
    TIM_IT_CC1_status                        0x20000008   Data           1  stm32f10x_it.o(.data)
    ccr1                                     0x2000000c   Data           4  stm32f10x_it.o(.data)
    TIM_IT_Update_Counter                    0x20000010   Data           2  stm32f10x_it.o(.data)
    TIM_OverFlowN                            0x20000012   Data           2  stm32f10x_it.o(.data)
    .data                                    0x20000018   Section       96  main.o(.data)
    .data                                    0x20000078   Section       10  dmp.o(.data)
    gyro_orientation                         0x20000078   Data           9  dmp.o(.data)
    .data                                    0x20000084   Section        8  delay.o(.data)
    Time_ms_to_Return                        0x20000084   Data           4  delay.o(.data)
    .data                                    0x2000008c   Section       44  inv_mpu.o(.data)
    st                                       0x2000008c   Data          44  inv_mpu.o(.data)
    .data                                    0x200000b8   Section        2  i2c_cpp.o(.data)
    I2C_TimeOut_C                            0x200000b8   Data           2  i2c_cpp.o(.data)
    .data                                    0x200000ba   Section        4  ultrasonic.o(.data)
    range                                    0x200000bc   Data           2  ultrasonic.o(.data)
    .data                                    0x200000c0   Section       28  led.o(.data)
    LED_State                                0x200000c0   Data           1  led.o(.data)
    L_NUM                                    0x200000c1   Data           1  led.o(.data)
    M_NUM                                    0x200000c2   Data           1  led.o(.data)
    R_NUM                                    0x200000c3   Data           1  led.o(.data)
    last_time_ms                             0x200000c4   Data           4  led.o(.data)
    _numToDis                                0x200000c8   Data           4  led.o(.data)
    last_time_ms                             0x200000cc   Data           4  led.o(.data)
    _AngleToDis                              0x200000d0   Data           4  led.o(.data)
    last_time_ms                             0x200000d4   Data           4  led.o(.data)
    last_time_ms                             0x200000d8   Data           4  led.o(.data)
    .data                                    0x200000dc   Section       20  stm32f10x_rcc.o(.data)
    APBAHBPrescTable                         0x200000dc   Data          16  stm32f10x_rcc.o(.data)
    ADCPrescTable                            0x200000ec   Data           4  stm32f10x_rcc.o(.data)
    .data                                    0x200000f0   Section       20  system_stm32f10x.o(.data)
    .bss                                     0x20000104   Section       56  main.o(.bss)
    .bss                                     0x2000013c   Section       16  inv_mpu_dmp_motion_driver.o(.bss)
    dmp                                      0x2000013c   Data          16  inv_mpu_dmp_motion_driver.o(.bss)
    STACK                                    0x20000150   Section     1024  startup_stm32f10x_md.o(STACK)

    Global Symbols

    Symbol Name                              Value     Ov Type        Size  Object(Section)

    BuildAttributes$$THM_ISAv4$P$D$K$B$S$PE$A:L22UL41UL21$X:L11$S22US41US21$IEEE1$IW$USESV6$~STKCKD$USESV7$~SHL$OTIME$ROPI$EBA8$UX$MICROLIB$REQ8$PRES8$EABIv2 0x00000000   Number         0  anon$$obj.o ABSOLUTE
    __ARM_use_no_argv                        0x00000000   Number         0  main.o ABSOLUTE
    __cpp_initialize__aeabi_                  - Undefined Weak Reference
    __cxa_finalize                            - Undefined Weak Reference
    __decompress                              - Undefined Weak Reference
    _clock_init                               - Undefined Weak Reference
    _microlib_exit                            - Undefined Weak Reference
    __Vectors_Size                           0x000000ec   Number         0  startup_stm32f10x_md.o ABSOLUTE
    __Vectors                                0x08000000   Data           4  startup_stm32f10x_md.o(RESET)
    __Vectors_End                            0x080000ec   Data           0  startup_stm32f10x_md.o(RESET)
    __main                                   0x080000ed   Thumb Code     0  entry.o(.ARM.Collect$$$$00000000)
    _main_stk                                0x080000ed   Thumb Code     0  entry2.o(.ARM.Collect$$$$00000001)
    _main_scatterload                        0x080000f1   Thumb Code     0  entry5.o(.ARM.Collect$$$$00000004)
    __main_after_scatterload                 0x080000f5   Thumb Code     0  entry5.o(.ARM.Collect$$$$00000004)
    _main_clock                              0x080000f5   Thumb Code     0  entry7b.o(.ARM.Collect$$$$00000008)
    _main_cpp_init                           0x080000f5   Thumb Code     0  entry8b.o(.ARM.Collect$$$$0000000A)
    _main_init                               0x080000f5   Thumb Code     0  entry9a.o(.ARM.Collect$$$$0000000B)
    __rt_final_cpp                           0x080000fd   Thumb Code     0  entry10a.o(.ARM.Collect$$$$0000000D)
    __rt_final_exit                          0x080000fd   Thumb Code     0  entry11a.o(.ARM.Collect$$$$0000000F)
    NMI_Handler                              0x08000101   Thumb Code     2  stm32f10x_it.o(.text)
    HardFault_Handler                        0x08000103   Thumb Code     4  stm32f10x_it.o(.text)
    MemManage_Handler                        0x08000107   Thumb Code     4  stm32f10x_it.o(.text)
    BusFault_Handler                         0x0800010b   Thumb Code     4  stm32f10x_it.o(.text)
    UsageFault_Handler                       0x0800010f   Thumb Code     4  stm32f10x_it.o(.text)
    SVC_Handler                              0x08000113   Thumb Code     2  stm32f10x_it.o(.text)
    DebugMon_Handler                         0x08000115   Thumb Code     2  stm32f10x_it.o(.text)
    PendSV_Handler                           0x08000117   Thumb Code     2  stm32f10x_it.o(.text)
    SysTick_Handler                          0x08000119   Thumb Code    28  stm32f10x_it.o(.text)
    TIM2_IRQHandler                          0x08000135   Thumb Code   242  stm32f10x_it.o(.text)
    main                                     0x08000259   Thumb Code   384  main.o(.text)
    dmp_load_motion_driver_firmware          0x08000435   Thumb Code    20  inv_mpu_dmp_motion_driver.o(.text)
    dmp_set_orientation                      0x08000449   Thumb Code   290  inv_mpu_dmp_motion_driver.o(.text)
    dmp_set_gyro_bias                        0x0800056b   Thumb Code   294  inv_mpu_dmp_motion_driver.o(.text)
    dmp_set_accel_bias                       0x08000691   Thumb Code   302  inv_mpu_dmp_motion_driver.o(.text)
    dmp_set_fifo_rate                        0x080007bf   Thumb Code   138  inv_mpu_dmp_motion_driver.o(.text)
    dmp_get_fifo_rate                        0x08000849   Thumb Code    12  inv_mpu_dmp_motion_driver.o(.text)
    dmp_set_tap_thresh                       0x08000855   Thumb Code   396  inv_mpu_dmp_motion_driver.o(.text)
    dmp_set_tap_axes                         0x080009e1   Thumb Code    70  inv_mpu_dmp_motion_driver.o(.text)
    dmp_set_tap_count                        0x08000a27   Thumb Code    38  inv_mpu_dmp_motion_driver.o(.text)
    dmp_set_tap_time                         0x08000a4d   Thumb Code    38  inv_mpu_dmp_motion_driver.o(.text)
    dmp_set_tap_time_multi                   0x08000a73   Thumb Code    38  inv_mpu_dmp_motion_driver.o(.text)
    dmp_set_shake_reject_thresh              0x08000a99   Thumb Code    56  inv_mpu_dmp_motion_driver.o(.text)
    dmp_set_shake_reject_time                0x08000ad1   Thumb Code    38  inv_mpu_dmp_motion_driver.o(.text)
    dmp_set_shake_reject_timeout             0x08000af7   Thumb Code    38  inv_mpu_dmp_motion_driver.o(.text)
    dmp_get_pedometer_step_count             0x08000b1d   Thumb Code    66  inv_mpu_dmp_motion_driver.o(.text)
    dmp_set_pedometer_step_count             0x08000b5f   Thumb Code    42  inv_mpu_dmp_motion_driver.o(.text)
    dmp_get_pedometer_walk_time              0x08000b89   Thumb Code    72  inv_mpu_dmp_motion_driver.o(.text)
    dmp_set_pedometer_walk_time              0x08000bd1   Thumb Code    48  inv_mpu_dmp_motion_driver.o(.text)
    dmp_enable_6x_lp_quat                    0x08000c01   Thumb Code    84  inv_mpu_dmp_motion_driver.o(.text)
    dmp_enable_lp_quat                       0x08000c55   Thumb Code    60  inv_mpu_dmp_motion_driver.o(.text)
    dmp_enable_gyro_cal                      0x08000c91   Thumb Code    62  inv_mpu_dmp_motion_driver.o(.text)
    dmp_enable_feature                       0x08000ccf   Thumb Code   530  inv_mpu_dmp_motion_driver.o(.text)
    dmp_get_enabled_features                 0x08000ee1   Thumb Code    12  inv_mpu_dmp_motion_driver.o(.text)
    dmp_set_interrupt_mode                   0x08000f4b   Thumb Code    66  inv_mpu_dmp_motion_driver.o(.text)
    dmp_read_fifo                            0x08000f8d   Thumb Code   506  inv_mpu_dmp_motion_driver.o(.text)
    dmp_register_tap_cb                      0x08001187   Thumb Code    10  inv_mpu_dmp_motion_driver.o(.text)
    dmp_register_android_orient_cb           0x08001191   Thumb Code    10  inv_mpu_dmp_motion_driver.o(.text)
    dmp_init                                 0x0800121f   Thumb Code    94  dmp.o(.text)
    Delay_timewasetd                         0x08001289   Thumb Code    30  delay.o(.text)
    Delay_ms                                 0x080012a7   Thumb Code    16  delay.o(.text)
    SysTick_Init                             0x080012b7   Thumb Code    88  delay.o(.text)
    stm32_get_ms                             0x0800130f   Thumb Code    14  delay.o(.text)
    stm32_get_us                             0x0800131d   Thumb Code    40  delay.o(.text)
    NVIC_Configuration                       0x08001345   Thumb Code    68  delay.o(.text)
    mpu_reg_dump                             0x0800142b   Thumb Code    76  inv_mpu.o(.text)
    mpu_read_reg                             0x08001477   Thumb Code    66  inv_mpu.o(.text)
    mpu_set_int_latched                      0x080014b9   Thumb Code   102  inv_mpu.o(.text)
    mpu_set_sensors                          0x0800151f   Thumb Code   202  inv_mpu.o(.text)
    mpu_set_bypass                           0x080015e9   Thumb Code   328  inv_mpu.o(.text)
    mpu_reset_fifo                           0x08001731   Thumb Code   456  inv_mpu.o(.text)
    mpu_configure_fifo                       0x080018f9   Thumb Code   106  inv_mpu.o(.text)
    mpu_set_lpf                              0x08001963   Thumb Code   126  inv_mpu.o(.text)
    mpu_lp_accel_mode                        0x080019e1   Thumb Code   218  inv_mpu.o(.text)
    mpu_set_sample_rate                      0x08001abb   Thumb Code   152  inv_mpu.o(.text)
    mpu_set_accel_fsr                        0x08001b53   Thumb Code   132  inv_mpu.o(.text)
    mpu_set_gyro_fsr                         0x08001bd7   Thumb Code   132  inv_mpu.o(.text)
    mpu_init                                 0x08001c5b   Thumb Code   414  inv_mpu.o(.text)
    mpu_get_gyro_reg                         0x08001df9   Thumb Code   108  inv_mpu.o(.text)
    mpu_get_accel_reg                        0x08001e65   Thumb Code   108  inv_mpu.o(.text)
    mpu_get_temperature                      0x08001ed1   Thumb Code   148  inv_mpu.o(.text)
    mpu_set_accel_bias                       0x08001f65   Thumb Code   388  inv_mpu.o(.text)
    mpu_get_gyro_fsr                         0x080020e9   Thumb Code    64  inv_mpu.o(.text)
    mpu_get_accel_fsr                        0x08002129   Thumb Code    72  inv_mpu.o(.text)
    mpu_get_lpf                              0x08002171   Thumb Code    74  inv_mpu.o(.text)
    mpu_get_sample_rate                      0x080021bb   Thumb Code    26  inv_mpu.o(.text)
    mpu_get_compass_sample_rate              0x080021d5   Thumb Code    10  inv_mpu.o(.text)
    mpu_set_compass_sample_rate              0x080021df   Thumb Code     8  inv_mpu.o(.text)
    mpu_get_gyro_sens                        0x080021e7   Thumb Code    58  inv_mpu.o(.text)
    mpu_get_accel_sens                       0x08002221   Thumb Code    78  inv_mpu.o(.text)
    mpu_get_fifo_config                      0x0800226f   Thumb Code    12  inv_mpu.o(.text)
    mpu_get_power_state                      0x0800227b   Thumb Code    22  inv_mpu.o(.text)
    mpu_get_int_status                       0x08002291   Thumb Code    64  inv_mpu.o(.text)
    mpu_read_fifo                            0x080022d1   Thumb Code   508  inv_mpu.o(.text)
    mpu_read_fifo_stream                     0x080024cd   Thumb Code   186  inv_mpu.o(.text)
    mpu_set_int_level                        0x08002587   Thumb Code    12  inv_mpu.o(.text)
    mpu_set_dmp_state                        0x08002c63   Thumb Code   138  inv_mpu.o(.text)
    mpu_run_self_test                        0x08002ced   Thumb Code   278  inv_mpu.o(.text)
    mpu_write_mem                            0x08002e03   Thumb Code   122  inv_mpu.o(.text)
    mpu_read_mem                             0x08002e7d   Thumb Code   122  inv_mpu.o(.text)
    mpu_load_firmware                        0x08002ef7   Thumb Code   192  inv_mpu.o(.text)
    mpu_get_dmp_state                        0x08002fb7   Thumb Code    14  inv_mpu.o(.text)
    mpu_lp_motion_interrupt                  0x08002fc5   Thumb Code   512  inv_mpu.o(.text)
    I2C_WriteBytes_C                         0x080031c9   Thumb Code   442  i2c_cpp.o(.text)
    I2C_ReadBytes_C                          0x08003383   Thumb Code   450  i2c_cpp.o(.text)
    I2C_Write_dmp                            0x08003545   Thumb Code    34  i2c_cpp.o(.text)
    I2C_Read_dmp                             0x08003567   Thumb Code    34  i2c_cpp.o(.text)
    I2C::Set_I2C_Configer(_i2c_config_)      0x08003589   Thumb Code    22  i2c_cpp.o(.text)
    I2C::Get_I2C_Configer()                  0x0800359f   Thumb Code     6  i2c_cpp.o(.text)
    I2C::I2Cx_Init()                         0x080035a5   Thumb Code   750  i2c_cpp.o(.text)
    I2C::I2C_WriteBytes(unsigned char*, unsigned char, unsigned char, unsigned char) 0x08003893   Thumb Code   416  i2c_cpp.o(.text)
    I2C::I2C_ReadBytes(unsigned char*, unsigned char, unsigned char, unsigned short) 0x08003a33   Thumb Code   374  i2c_cpp.o(.text)
    UARTx_Init                               0x08003bb1   Thumb Code   118  uart_cpp.o(.text)
    UARTx_SendBytes                          0x08003c27   Thumb Code    72  uart_cpp.o(.text)
    I2C_WriteByte                            0x08003c7d   Thumb Code    36  ultrasonic.o(.text)
    Ultrasonic_init                          0x08003ca1   Thumb Code    42  ultrasonic.o(.text)
    Ultrasonic_start_detection               0x08003ccb   Thumb Code    26  ultrasonic.o(.text)
    I2C_ReadPage                             0x08003ce5   Thumb Code    34  ultrasonic.o(.text)
    Ultrasonic_read_data                     0x08003d07   Thumb Code    52  ultrasonic.o(.text)
    sonar_read                               0x08003d3b   Thumb Code    60  ultrasonic.o(.text)
    TIM3_GPIO_Config                         0x08003d85   Thumb Code    46  pwm_out.o(.text)
    TIM4_GPIO_Config                         0x08003db3   Thumb Code    48  pwm_out.o(.text)
    TIM2_GPIO_Config                         0x08003de3   Thumb Code    46  pwm_out.o(.text)
    TIM3_PWM_Init                            0x08003e11   Thumb Code   126  pwm_out.o(.text)
    TIM4_PWM_Init                            0x08003e8f   Thumb Code    94  pwm_out.o(.text)
    TIM2_PWM_Init                            0x08003eed   Thumb Code   108  pwm_out.o(.text)
    LED_GPIO_Config                          0x080042a3   Thumb Code   138  led.o(.text)
    LED_NUM_Display                          0x0800450d   Thumb Code   146  led.o(.text)
    LED_Angle_Display                        0x0800460f   Thumb Code   142  led.o(.text)
    LED_NUM_Blink                            0x0800469d   Thumb Code   198  led.o(.text)
    LED_Angle_Blink                          0x08004763   Thumb Code   270  led.o(.text)
    NVIC_PriorityGroupConfig                 0x08004925   Thumb Code    10  misc.o(.text)
    NVIC_Init                                0x0800492f   Thumb Code   102  misc.o(.text)
    NVIC_SetVectorTable                      0x08004995   Thumb Code    14  misc.o(.text)
    NVIC_SystemLPConfig                      0x080049a3   Thumb Code    34  misc.o(.text)
    SysTick_CLKSourceConfig                  0x080049c5   Thumb Code    40  misc.o(.text)
    GPIO_DeInit                              0x08004a01   Thumb Code   172  stm32f10x_gpio.o(.text)
    GPIO_AFIODeInit                          0x08004aad   Thumb Code    20  stm32f10x_gpio.o(.text)
    GPIO_Init                                0x08004ac1   Thumb Code   274  stm32f10x_gpio.o(.text)
    GPIO_StructInit                          0x08004bd3   Thumb Code    16  stm32f10x_gpio.o(.text)
    GPIO_ReadInputDataBit                    0x08004be3   Thumb Code    18  stm32f10x_gpio.o(.text)
    GPIO_ReadInputData                       0x08004bf5   Thumb Code     8  stm32f10x_gpio.o(.text)
    GPIO_ReadOutputDataBit                   0x08004bfd   Thumb Code    18  stm32f10x_gpio.o(.text)
    GPIO_ReadOutputData                      0x08004c0f   Thumb Code     8  stm32f10x_gpio.o(.text)
    GPIO_SetBits                             0x08004c17   Thumb Code     4  stm32f10x_gpio.o(.text)
    GPIO_ResetBits                           0x08004c1b   Thumb Code     4  stm32f10x_gpio.o(.text)
    GPIO_WriteBit                            0x08004c1f   Thumb Code    10  stm32f10x_gpio.o(.text)
    GPIO_Write                               0x08004c29   Thumb Code     4  stm32f10x_gpio.o(.text)
    GPIO_PinLockConfig                       0x08004c2d   Thumb Code    18  stm32f10x_gpio.o(.text)
    GPIO_EventOutputConfig                   0x08004c3f   Thumb Code    26  stm32f10x_gpio.o(.text)
    GPIO_EventOutputCmd                      0x08004c59   Thumb Code     6  stm32f10x_gpio.o(.text)
    GPIO_PinRemapConfig                      0x08004c5f   Thumb Code   138  stm32f10x_gpio.o(.text)
    GPIO_EXTILineConfig                      0x08004ce9   Thumb Code    66  stm32f10x_gpio.o(.text)
    GPIO_ETH_MediaInterfaceConfig            0x08004d2b   Thumb Code     6  stm32f10x_gpio.o(.text)
    I2C_DeInit                               0x08004d59   Thumb Code    50  stm32f10x_i2c.o(.text)
    I2C_Init                                 0x08004d8b   Thumb Code   222  stm32f10x_i2c.o(.text)
    I2C_StructInit                           0x08004e69   Thumb Code    30  stm32f10x_i2c.o(.text)
    I2C_Cmd                                  0x08004e87   Thumb Code    24  stm32f10x_i2c.o(.text)
    I2C_DMACmd                               0x08004e9f   Thumb Code    24  stm32f10x_i2c.o(.text)
    I2C_DMALastTransferCmd                   0x08004eb7   Thumb Code    24  stm32f10x_i2c.o(.text)
    I2C_GenerateSTART                        0x08004ecf   Thumb Code    24  stm32f10x_i2c.o(.text)
    I2C_GenerateSTOP                         0x08004ee7   Thumb Code    24  stm32f10x_i2c.o(.text)
    I2C_AcknowledgeConfig                    0x08004eff   Thumb Code    24  stm32f10x_i2c.o(.text)
    I2C_OwnAddress2Config                    0x08004f17   Thumb Code    22  stm32f10x_i2c.o(.text)
    I2C_DualAddressCmd                       0x08004f2d   Thumb Code    24  stm32f10x_i2c.o(.text)
    I2C_GeneralCallCmd                       0x08004f45   Thumb Code    24  stm32f10x_i2c.o(.text)
    I2C_ITConfig                             0x08004f5d   Thumb Code    18  stm32f10x_i2c.o(.text)
    I2C_SendData                             0x08004f6f   Thumb Code     4  stm32f10x_i2c.o(.text)
    I2C_ReceiveData                          0x08004f73   Thumb Code     8  stm32f10x_i2c.o(.text)
    I2C_Send7bitAddress                      0x08004f7b   Thumb Code    18  stm32f10x_i2c.o(.text)
    I2C_ReadRegister                         0x08004f8d   Thumb Code    22  stm32f10x_i2c.o(.text)
    I2C_SoftwareResetCmd                     0x08004fa3   Thumb Code    22  stm32f10x_i2c.o(.text)
    I2C_NACKPositionConfig                   0x08004fb9   Thumb Code    28  stm32f10x_i2c.o(.text)
    I2C_SMBusAlertConfig                     0x08004fd5   Thumb Code    28  stm32f10x_i2c.o(.text)
    I2C_TransmitPEC                          0x08004ff1   Thumb Code    24  stm32f10x_i2c.o(.text)
    I2C_PECPositionConfig                    0x08005009   Thumb Code    28  stm32f10x_i2c.o(.text)
    I2C_CalculatePEC                         0x08005025   Thumb Code    24  stm32f10x_i2c.o(.text)
    I2C_GetPEC                               0x0800503d   Thumb Code     8  stm32f10x_i2c.o(.text)
    I2C_ARPCmd                               0x08005045   Thumb Code    24  stm32f10x_i2c.o(.text)
    I2C_StretchClockCmd                      0x0800505d   Thumb Code    24  stm32f10x_i2c.o(.text)
    I2C_FastModeDutyCycleConfig              0x08005075   Thumb Code    28  stm32f10x_i2c.o(.text)
    I2C_CheckEvent                           0x08005091   Thumb Code    42  stm32f10x_i2c.o(.text)
    I2C_GetLastEvent                         0x080050bb   Thumb Code    26  stm32f10x_i2c.o(.text)
    I2C_GetFlagStatus                        0x080050d5   Thumb Code    58  stm32f10x_i2c.o(.text)
    I2C_ClearFlag                            0x0800510f   Thumb Code    12  stm32f10x_i2c.o(.text)
    I2C_GetITStatus                          0x0800511b   Thumb Code    54  stm32f10x_i2c.o(.text)
    I2C_ClearITPendingBit                    0x08005151   Thumb Code    12  stm32f10x_i2c.o(.text)
    RCC_DeInit                               0x0800515d   Thumb Code    64  stm32f10x_rcc.o(.text)
    RCC_HSEConfig                            0x0800519d   Thumb Code    70  stm32f10x_rcc.o(.text)
    RCC_GetFlagStatus                        0x080051e3   Thumb Code    56  stm32f10x_rcc.o(.text)
    RCC_WaitForHSEStartUp                    0x0800521b   Thumb Code    56  stm32f10x_rcc.o(.text)
    RCC_AdjustHSICalibrationValue            0x08005253   Thumb Code    20  stm32f10x_rcc.o(.text)
    RCC_HSICmd                               0x08005267   Thumb Code     6  stm32f10x_rcc.o(.text)
    RCC_PLLConfig                            0x0800526d   Thumb Code    24  stm32f10x_rcc.o(.text)
    RCC_PLLCmd                               0x08005285   Thumb Code     6  stm32f10x_rcc.o(.text)
    RCC_SYSCLKConfig                         0x0800528b   Thumb Code    18  stm32f10x_rcc.o(.text)
    RCC_GetSYSCLKSource                      0x0800529d   Thumb Code    10  stm32f10x_rcc.o(.text)
    RCC_HCLKConfig                           0x080052a7   Thumb Code    18  stm32f10x_rcc.o(.text)
    RCC_PCLK1Config                          0x080052b9   Thumb Code    18  stm32f10x_rcc.o(.text)
    RCC_PCLK2Config                          0x080052cb   Thumb Code    20  stm32f10x_rcc.o(.text)
    RCC_ITConfig                             0x080052df   Thumb Code    26  stm32f10x_rcc.o(.text)
    RCC_USBCLKConfig                         0x080052f9   Thumb Code     6  stm32f10x_rcc.o(.text)
    RCC_ADCCLKConfig                         0x080052ff   Thumb Code    18  stm32f10x_rcc.o(.text)
    RCC_LSEConfig                            0x08005311   Thumb Code    44  stm32f10x_rcc.o(.text)
    RCC_LSICmd                               0x0800533d   Thumb Code     6  stm32f10x_rcc.o(.text)
    RCC_RTCCLKConfig                         0x08005343   Thumb Code    12  stm32f10x_rcc.o(.text)
    RCC_RTCCLKCmd                            0x0800534f   Thumb Code     8  stm32f10x_rcc.o(.text)
    RCC_GetClocksFreq                        0x08005357   Thumb Code   192  stm32f10x_rcc.o(.text)
    RCC_AHBPeriphClockCmd                    0x08005417   Thumb Code    26  stm32f10x_rcc.o(.text)
    RCC_APB2PeriphClockCmd                   0x08005431   Thumb Code    26  stm32f10x_rcc.o(.text)
    RCC_APB1PeriphClockCmd                   0x0800544b   Thumb Code    26  stm32f10x_rcc.o(.text)
    RCC_APB2PeriphResetCmd                   0x08005465   Thumb Code    26  stm32f10x_rcc.o(.text)
    RCC_APB1PeriphResetCmd                   0x0800547f   Thumb Code    26  stm32f10x_rcc.o(.text)
    RCC_BackupResetCmd                       0x08005499   Thumb Code     8  stm32f10x_rcc.o(.text)
    RCC_ClockSecuritySystemCmd               0x080054a1   Thumb Code     6  stm32f10x_rcc.o(.text)
    RCC_MCOConfig                            0x080054a7   Thumb Code     6  stm32f10x_rcc.o(.text)
    RCC_ClearFlag                            0x080054ad   Thumb Code    14  stm32f10x_rcc.o(.text)
    RCC_GetITStatus                          0x080054bb   Thumb Code    20  stm32f10x_rcc.o(.text)
    RCC_ClearITPendingBit                    0x080054cf   Thumb Code     6  stm32f10x_rcc.o(.text)
    TIM_DeInit                               0x08005501   Thumb Code   424  stm32f10x_tim.o(.text)
    TIM_TimeBaseInit                         0x080056a9   Thumb Code   122  stm32f10x_tim.o(.text)
    TIM_OC1Init                              0x08005723   Thumb Code   132  stm32f10x_tim.o(.text)
    TIM_OC2Init                              0x080057a7   Thumb Code   154  stm32f10x_tim.o(.text)
    TIM_OC3Init                              0x08005841   Thumb Code   150  stm32f10x_tim.o(.text)
    TIM_OC4Init                              0x080058d7   Thumb Code   182  stm32f10x_tim.o(.text)
    TIM_SetIC4Prescaler                      0x0800598d   Thumb Code    26  stm32f10x_tim.o(.text)
    TIM_SetIC3Prescaler                      0x08005a29   Thumb Code    18  stm32f10x_tim.o(.text)
    TIM_SetIC2Prescaler                      0x08005ab5   Thumb Code    26  stm32f10x_tim.o(.text)
    TIM_SetIC1Prescaler                      0x08005b51   Thumb Code    18  stm32f10x_tim.o(.text)
    TIM_ICInit                               0x08005bcf   Thumb Code   150  stm32f10x_tim.o(.text)
    TIM_PWMIConfig                           0x08005c65   Thumb Code   124  stm32f10x_tim.o(.text)
    TIM_BDTRConfig                           0x08005ce1   Thumb Code    32  stm32f10x_tim.o(.text)
    TIM_TimeBaseStructInit                   0x08005d01   Thumb Code    18  stm32f10x_tim.o(.text)
    TIM_OCStructInit                         0x08005d13   Thumb Code    20  stm32f10x_tim.o(.text)
    TIM_ICStructInit                         0x08005d27   Thumb Code    18  stm32f10x_tim.o(.text)
    TIM_BDTRStructInit                       0x08005d39   Thumb Code    40  stm32f10x_tim.o(.text)
    TIM_Cmd                                  0x08005d61   Thumb Code    24  stm32f10x_tim.o(.text)
    TIM_CtrlPWMOutputs                       0x08005d79   Thumb Code    30  stm32f10x_tim.o(.text)
    TIM_ITConfig                             0x08005d97   Thumb Code    18  stm32f10x_tim.o(.text)
    TIM_GenerateEvent                        0x08005da9   Thumb Code     4  stm32f10x_tim.o(.text)
    TIM_DMAConfig                            0x08005dad   Thumb Code    10  stm32f10x_tim.o(.text)
    TIM_DMACmd                               0x08005db7   Thumb Code    18  stm32f10x_tim.o(.text)
    TIM_InternalClockConfig                  0x08005dc9   Thumb Code    12  stm32f10x_tim.o(.text)
    TIM_SelectInputTrigger                   0x08005dd5   Thumb Code    18  stm32f10x_tim.o(.text)
    TIM_ITRxExternalClockConfig              0x08005de7   Thumb Code    24  stm32f10x_tim.o(.text)
    TIM_TIxExternalClockConfig               0x08005dff   Thumb Code    62  stm32f10x_tim.o(.text)
    TIM_ETRConfig                            0x08005e3d   Thumb Code    28  stm32f10x_tim.o(.text)
    TIM_ETRClockMode1Config                  0x08005e59   Thumb Code    54  stm32f10x_tim.o(.text)
    TIM_ETRClockMode2Config                  0x08005e8f   Thumb Code    32  stm32f10x_tim.o(.text)
    TIM_PrescalerConfig                      0x08005eaf   Thumb Code     6  stm32f10x_tim.o(.text)
    TIM_CounterModeConfig                    0x08005eb5   Thumb Code    18  stm32f10x_tim.o(.text)
    TIM_EncoderInterfaceConfig               0x08005ec7   Thumb Code    66  stm32f10x_tim.o(.text)
    TIM_ForcedOC1Config                      0x08005f09   Thumb Code    18  stm32f10x_tim.o(.text)
    TIM_ForcedOC2Config                      0x08005f1b   Thumb Code    26  stm32f10x_tim.o(.text)
    TIM_ForcedOC3Config                      0x08005f35   Thumb Code    18  stm32f10x_tim.o(.text)
    TIM_ForcedOC4Config                      0x08005f47   Thumb Code    26  stm32f10x_tim.o(.text)
    TIM_ARRPreloadConfig                     0x08005f61   Thumb Code    24  stm32f10x_tim.o(.text)
    TIM_SelectCOM                            0x08005f79   Thumb Code    24  stm32f10x_tim.o(.text)
    TIM_SelectCCDMA                          0x08005f91   Thumb Code    24  stm32f10x_tim.o(.text)
    TIM_CCPreloadControl                     0x08005fa9   Thumb Code    24  stm32f10x_tim.o(.text)
    TIM_OC1PreloadConfig                     0x08005fc1   Thumb Code    18  stm32f10x_tim.o(.text)
    TIM_OC2PreloadConfig                     0x08005fd3   Thumb Code    26  stm32f10x_tim.o(.text)
    TIM_OC3PreloadConfig                     0x08005fed   Thumb Code    18  stm32f10x_tim.o(.text)
    TIM_OC4PreloadConfig                     0x08005fff   Thumb Code    26  stm32f10x_tim.o(.text)
    TIM_OC1FastConfig                        0x08006019   Thumb Code    18  stm32f10x_tim.o(.text)
    TIM_OC2FastConfig                        0x0800602b   Thumb Code    26  stm32f10x_tim.o(.text)
    TIM_OC3FastConfig                        0x08006045   Thumb Code    18  stm32f10x_tim.o(.text)
    TIM_OC4FastConfig                        0x08006057   Thumb Code    26  stm32f10x_tim.o(.text)
    TIM_ClearOC1Ref                          0x08006071   Thumb Code    18  stm32f10x_tim.o(.text)
    TIM_ClearOC2Ref                          0x08006083   Thumb Code    24  stm32f10x_tim.o(.text)
    TIM_ClearOC3Ref                          0x0800609b   Thumb Code    18  stm32f10x_tim.o(.text)
    TIM_ClearOC4Ref                          0x080060ad   Thumb Code    24  stm32f10x_tim.o(.text)
    TIM_OC1PolarityConfig                    0x080060c5   Thumb Code    18  stm32f10x_tim.o(.text)
    TIM_OC1NPolarityConfig                   0x080060d7   Thumb Code    18  stm32f10x_tim.o(.text)
    TIM_OC2PolarityConfig                    0x080060e9   Thumb Code    26  stm32f10x_tim.o(.text)
    TIM_OC2NPolarityConfig                   0x08006103   Thumb Code    26  stm32f10x_tim.o(.text)
    TIM_OC3PolarityConfig                    0x0800611d   Thumb Code    26  stm32f10x_tim.o(.text)
    TIM_OC3NPolarityConfig                   0x08006137   Thumb Code    26  stm32f10x_tim.o(.text)
    TIM_OC4PolarityConfig                    0x08006151   Thumb Code    26  stm32f10x_tim.o(.text)
    TIM_CCxCmd                               0x0800616b   Thumb Code    30  stm32f10x_tim.o(.text)
    TIM_CCxNCmd                              0x08006189   Thumb Code    30  stm32f10x_tim.o(.text)
    TIM_SelectOCxM                           0x080061a7   Thumb Code    82  stm32f10x_tim.o(.text)
    TIM_UpdateDisableConfig                  0x080061f9   Thumb Code    24  stm32f10x_tim.o(.text)
    TIM_UpdateRequestConfig                  0x08006211   Thumb Code    24  stm32f10x_tim.o(.text)
    TIM_SelectHallSensor                     0x08006229   Thumb Code    24  stm32f10x_tim.o(.text)
    TIM_SelectOnePulseMode                   0x08006241   Thumb Code    18  stm32f10x_tim.o(.text)
    TIM_SelectOutputTrigger                  0x08006253   Thumb Code    18  stm32f10x_tim.o(.text)
    TIM_SelectSlaveMode                      0x08006265   Thumb Code    18  stm32f10x_tim.o(.text)
    TIM_SelectMasterSlaveMode                0x08006277   Thumb Code    18  stm32f10x_tim.o(.text)
    TIM_SetCounter                           0x08006289   Thumb Code     4  stm32f10x_tim.o(.text)
    TIM_SetAutoreload                        0x0800628d   Thumb Code     4  stm32f10x_tim.o(.text)
    TIM_SetCompare1                          0x08006291   Thumb Code     4  stm32f10x_tim.o(.text)
    TIM_SetCompare2                          0x08006295   Thumb Code     4  stm32f10x_tim.o(.text)
    TIM_SetCompare3                          0x08006299   Thumb Code     4  stm32f10x_tim.o(.text)
    TIM_SetCompare4                          0x0800629d   Thumb Code     6  stm32f10x_tim.o(.text)
    TIM_SetClockDivision                     0x080062a3   Thumb Code    18  stm32f10x_tim.o(.text)
    TIM_GetCapture1                          0x080062b5   Thumb Code     6  stm32f10x_tim.o(.text)
    TIM_GetCapture2                          0x080062bb   Thumb Code     6  stm32f10x_tim.o(.text)
    TIM_GetCapture3                          0x080062c1   Thumb Code     6  stm32f10x_tim.o(.text)
    TIM_GetCapture4                          0x080062c7   Thumb Code     8  stm32f10x_tim.o(.text)
    TIM_GetCounter                           0x080062cf   Thumb Code     6  stm32f10x_tim.o(.text)
    TIM_GetPrescaler                         0x080062d5   Thumb Code     6  stm32f10x_tim.o(.text)
    TIM_GetFlagStatus                        0x080062db   Thumb Code    18  stm32f10x_tim.o(.text)
    TIM_ClearFlag                            0x080062ed   Thumb Code     6  stm32f10x_tim.o(.text)
    TIM_GetITStatus                          0x080062f3   Thumb Code    34  stm32f10x_tim.o(.text)
    TIM_ClearITPendingBit                    0x08006315   Thumb Code     6  stm32f10x_tim.o(.text)
    USART_DeInit                             0x0800631d   Thumb Code   134  stm32f10x_usart.o(.text)
    USART_Init                               0x080063a3   Thumb Code   210  stm32f10x_usart.o(.text)
    USART_StructInit                         0x08006475   Thumb Code    24  stm32f10x_usart.o(.text)
    USART_ClockInit                          0x0800648d   Thumb Code    34  stm32f10x_usart.o(.text)
    USART_ClockStructInit                    0x080064af   Thumb Code    12  stm32f10x_usart.o(.text)
    USART_Cmd                                0x080064bb   Thumb Code    24  stm32f10x_usart.o(.text)
    USART_ITConfig                           0x080064d3   Thumb Code    74  stm32f10x_usart.o(.text)
    USART_DMACmd                             0x0800651d   Thumb Code    18  stm32f10x_usart.o(.text)
    USART_SetAddress                         0x0800652f   Thumb Code    18  stm32f10x_usart.o(.text)
    USART_WakeUpConfig                       0x08006541   Thumb Code    18  stm32f10x_usart.o(.text)
    USART_ReceiverWakeUpCmd                  0x08006553   Thumb Code    24  stm32f10x_usart.o(.text)
    USART_LINBreakDetectLengthConfig         0x0800656b   Thumb Code    18  stm32f10x_usart.o(.text)
    USART_LINCmd                             0x0800657d   Thumb Code    24  stm32f10x_usart.o(.text)
    USART_SendData                           0x08006595   Thumb Code     8  stm32f10x_usart.o(.text)
    USART_ReceiveData                        0x0800659d   Thumb Code    10  stm32f10x_usart.o(.text)
    USART_SendBreak                          0x080065a7   Thumb Code    10  stm32f10x_usart.o(.text)
    USART_SetGuardTime                       0x080065b1   Thumb Code    16  stm32f10x_usart.o(.text)
    USART_SetPrescaler                       0x080065c1   Thumb Code    16  stm32f10x_usart.o(.text)
    USART_SmartCardCmd                       0x080065d1   Thumb Code    24  stm32f10x_usart.o(.text)
    USART_SmartCardNACKCmd                   0x080065e9   Thumb Code    24  stm32f10x_usart.o(.text)
    USART_HalfDuplexCmd                      0x08006601   Thumb Code    24  stm32f10x_usart.o(.text)
    USART_OverSampling8Cmd                   0x08006619   Thumb Code    22  stm32f10x_usart.o(.text)
    USART_OneBitMethodCmd                    0x0800662f   Thumb Code    24  stm32f10x_usart.o(.text)
    USART_IrDAConfig                         0x08006647   Thumb Code    18  stm32f10x_usart.o(.text)
    USART_IrDACmd                            0x08006659   Thumb Code    24  stm32f10x_usart.o(.text)
    USART_GetFlagStatus                      0x08006671   Thumb Code    26  stm32f10x_usart.o(.text)
    USART_ClearFlag                          0x0800668b   Thumb Code    18  stm32f10x_usart.o(.text)
    USART_GetITStatus                        0x0800669d   Thumb Code    84  stm32f10x_usart.o(.text)
    USART_ClearITPendingBit                  0x080066f1   Thumb Code    52  stm32f10x_usart.o(.text)
    Reset_Handler                            0x08006725   Thumb Code     8  startup_stm32f10x_md.o(.text)
    ADC1_2_IRQHandler                        0x0800673f   Thumb Code     0  startup_stm32f10x_md.o(.text)
    CAN1_RX1_IRQHandler                      0x0800673f   Thumb Code     0  startup_stm32f10x_md.o(.text)
    CAN1_SCE_IRQHandler                      0x0800673f   Thumb Code     0  startup_stm32f10x_md.o(.text)
    DMA1_Channel1_IRQHandler                 0x0800673f   Thumb Code     0  startup_stm32f10x_md.o(.text)
    DMA1_Channel2_IRQHandler                 0x0800673f   Thumb Code     0  startup_stm32f10x_md.o(.text)
    DMA1_Channel3_IRQHandler                 0x0800673f   Thumb Code     0  startup_stm32f10x_md.o(.text)
    DMA1_Channel4_IRQHandler                 0x0800673f   Thumb Code     0  startup_stm32f10x_md.o(.text)
    DMA1_Channel5_IRQHandler                 0x0800673f   Thumb Code     0  startup_stm32f10x_md.o(.text)
    DMA1_Channel6_IRQHandler                 0x0800673f   Thumb Code     0  startup_stm32f10x_md.o(.text)
    DMA1_Channel7_IRQHandler                 0x0800673f   Thumb Code     0  startup_stm32f10x_md.o(.text)
    EXTI0_IRQHandler                         0x0800673f   Thumb Code     0  startup_stm32f10x_md.o(.text)
    EXTI15_10_IRQHandler                     0x0800673f   Thumb Code     0  startup_stm32f10x_md.o(.text)
    EXTI1_IRQHandler                         0x0800673f   Thumb Code     0  startup_stm32f10x_md.o(.text)
    EXTI2_IRQHandler                         0x0800673f   Thumb Code     0  startup_stm32f10x_md.o(.text)
    EXTI3_IRQHandler                         0x0800673f   Thumb Code     0  startup_stm32f10x_md.o(.text)
    EXTI4_IRQHandler                         0x0800673f   Thumb Code     0  startup_stm32f10x_md.o(.text)
    EXTI9_5_IRQHandler                       0x0800673f   Thumb Code     0  startup_stm32f10x_md.o(.text)
    FLASH_IRQHandler                         0x0800673f   Thumb Code     0  startup_stm32f10x_md.o(.text)
    I2C1_ER_IRQHandler                       0x0800673f   Thumb Code     0  startup_stm32f10x_md.o(.text)
    I2C1_EV_IRQHandler                       0x0800673f   Thumb Code     0  startup_stm32f10x_md.o(.text)
    I2C2_ER_IRQHandler                       0x0800673f   Thumb Code     0  startup_stm32f10x_md.o(.text)
    I2C2_EV_IRQHandler                       0x0800673f   Thumb Code     0  startup_stm32f10x_md.o(.text)
    PVD_IRQHandler                           0x0800673f   Thumb Code     0  startup_stm32f10x_md.o(.text)
    RCC_IRQHandler                           0x0800673f   Thumb Code     0  startup_stm32f10x_md.o(.text)
    RTCAlarm_IRQHandler                      0x0800673f   Thumb Code     0  startup_stm32f10x_md.o(.text)
    RTC_IRQHandler                           0x0800673f   Thumb Code     0  startup_stm32f10x_md.o(.text)
    SPI1_IRQHandler                          0x0800673f   Thumb Code     0  startup_stm32f10x_md.o(.text)
    SPI2_IRQHandler                          0x0800673f   Thumb Code     0  startup_stm32f10x_md.o(.text)
    TAMPER_IRQHandler                        0x0800673f   Thumb Code     0  startup_stm32f10x_md.o(.text)
    TIM1_BRK_IRQHandler                      0x0800673f   Thumb Code     0  startup_stm32f10x_md.o(.text)
    TIM1_CC_IRQHandler                       0x0800673f   Thumb Code     0  startup_stm32f10x_md.o(.text)
    TIM1_TRG_COM_IRQHandler                  0x0800673f   Thumb Code     0  startup_stm32f10x_md.o(.text)
    TIM1_UP_IRQHandler                       0x0800673f   Thumb Code     0  startup_stm32f10x_md.o(.text)
    TIM3_IRQHandler                          0x0800673f   Thumb Code     0  startup_stm32f10x_md.o(.text)
    TIM4_IRQHandler                          0x0800673f   Thumb Code     0  startup_stm32f10x_md.o(.text)
    USART1_IRQHandler                        0x0800673f   Thumb Code     0  startup_stm32f10x_md.o(.text)
    USART2_IRQHandler                        0x0800673f   Thumb Code     0  startup_stm32f10x_md.o(.text)
    USART3_IRQHandler                        0x0800673f   Thumb Code     0  startup_stm32f10x_md.o(.text)
    USBWakeUp_IRQHandler                     0x0800673f   Thumb Code     0  startup_stm32f10x_md.o(.text)
    USB_HP_CAN1_TX_IRQHandler                0x0800673f   Thumb Code     0  startup_stm32f10x_md.o(.text)
    USB_LP_CAN1_RX0_IRQHandler               0x0800673f   Thumb Code     0  startup_stm32f10x_md.o(.text)
    WWDG_IRQHandler                          0x0800673f   Thumb Code     0  startup_stm32f10x_md.o(.text)
    SystemInit                               0x08006825   Thumb Code    78  system_stm32f10x.o(.text)
    SystemCoreClockUpdate                    0x08006873   Thumb Code   142  system_stm32f10x.o(.text)
    __aeabi_ldivmod                          0x08006925   Thumb Code    90  ldiv.o(.text)
    __aeabi_memcpy                           0x0800697f   Thumb Code    36  memcpya.o(.text)
    __aeabi_memcpy4                          0x0800697f   Thumb Code     0  memcpya.o(.text)
    __aeabi_memcpy8                          0x0800697f   Thumb Code     0  memcpya.o(.text)
    __aeabi_memset                           0x080069a3   Thumb Code    14  memseta.o(.text)
    __aeabi_memset4                          0x080069a3   Thumb Code     0  memseta.o(.text)
    __aeabi_memset8                          0x080069a3   Thumb Code     0  memseta.o(.text)
    __aeabi_memclr                           0x080069b1   Thumb Code     4  memseta.o(.text)
    __aeabi_memclr4                          0x080069b1   Thumb Code     0  memseta.o(.text)
    __aeabi_memclr8                          0x080069b1   Thumb Code     0  memseta.o(.text)
    _memset$wrapper                          0x080069b5   Thumb Code    18  memseta.o(.text)
    memcmp                                   0x080069c7   Thumb Code    26  memcmp.o(.text)
    __aeabi_fadd                             0x080069e1   Thumb Code   164  fadd.o(.text)
    __aeabi_fsub                             0x08006a85   Thumb Code     6  fadd.o(.text)
    __aeabi_frsub                            0x08006a8b   Thumb Code     6  fadd.o(.text)
    __aeabi_fmul                             0x08006a91   Thumb Code   108  fmul.o(.text)
    __aeabi_fdiv                             0x08006afd   Thumb Code   128  fdiv.o(.text)
    __aeabi_dmul                             0x08006b7d   Thumb Code   228  dmul.o(.text)
    __aeabi_i2f                              0x08006c61   Thumb Code    18  fflti.o(.text)
    __aeabi_ui2f                             0x08006c73   Thumb Code    10  ffltui.o(.text)
    __aeabi_i2d                              0x08006c7d   Thumb Code    34  dflti.o(.text)
    __aeabi_ui2d                             0x08006c9f   Thumb Code    26  dfltui.o(.text)
    __aeabi_f2iz                             0x08006cb9   Thumb Code    50  ffixi.o(.text)
    __aeabi_f2uiz                            0x08006ceb   Thumb Code    40  ffixui.o(.text)
    __aeabi_f2d                              0x08006d13   Thumb Code    38  f2d.o(.text)
    __aeabi_cdcmpeq                          0x08006d39   Thumb Code     0  cdcmple.o(.text)
    __aeabi_cdcmple                          0x08006d39   Thumb Code    38  cdcmple.o(.text)
    __aeabi_cdrcmple                         0x08006d61   Thumb Code    38  cdrcmple.o(.text)
    __aeabi_d2f                              0x08006d89   Thumb Code    56  d2f.o(.text)
    __aeabi_cfcmpeq                          0x08006dc1   Thumb Code     0  cfcmple.o(.text)
    __aeabi_cfcmple                          0x08006dc1   Thumb Code    20  cfcmple.o(.text)
    __aeabi_cfrcmple                         0x08006dd5   Thumb Code    20  cfrcmple.o(.text)
    __aeabi_uldivmod                         0x08006de9   Thumb Code    98  uldiv.o(.text)
    __I$use$fp                               0x08006e4b   Thumb Code     0  iusefp.o(.text)
    _float_round                             0x08006e4b   Thumb Code    18  fepilogue.o(.text)
    _float_epilogue                          0x08006e5d   Thumb Code    90  fepilogue.o(.text)
    _double_round                            0x08006eb7   Thumb Code    26  depilogue.o(.text)
    _double_epilogue                         0x08006ed1   Thumb Code   164  depilogue.o(.text)
    __scatterload                            0x08006f75   Thumb Code    28  init.o(.text)
    __scatterload_rt2                        0x08006f75   Thumb Code     0  init.o(.text)
    __aeabi_llsl                             0x08006f99   Thumb Code    30  llshl.o(.text)
    _ll_shift_l                              0x08006f99   Thumb Code     0  llshl.o(.text)
    __aeabi_llsr                             0x08006fb7   Thumb Code    32  llushr.o(.text)
    _ll_ushift_r                             0x08006fb7   Thumb Code     0  llushr.o(.text)
    I2C::I2C(_i2c_config_)                   0x08006fd9   Thumb Code    32  main.o(i._ZN3I2CC1E12_i2c_config_)
    I2C::I2C__sub_object(_i2c_config_)       0x08006fd9   Thumb Code     0  main.o(i._ZN3I2CC1E12_i2c_config_)
    __scatterload_copy                       0x08006ffd   Thumb Code    14  handlers.o(i.__scatterload_copy)
    __scatterload_null                       0x0800700b   Thumb Code     2  handlers.o(i.__scatterload_null)
    __scatterload_zeroinit                   0x0800700d   Thumb Code    14  handlers.o(i.__scatterload_zeroinit)
    reg                                      0x08007c44   Data          30  inv_mpu.o(.constdata)
    hw                                       0x08007c62   Data          12  inv_mpu.o(.constdata)
    test                                     0x08007c70   Data          40  inv_mpu.o(.constdata)
    vtable for I2C                           0x08007ca0   Data          16  main.o(.constdata__ZTV3I2C)
    Region$$Table$$Base                      0x08007cb0   Number         0  anon$$obj.o(Region$$Table)
    Region$$Table$$Limit                     0x08007cd0   Number         0  anon$$obj.o(Region$$Table)
    Time_ms                                  0x20000000   Data           4  stm32f10x_it.o(.data)
    Time_us                                  0x20000018   Data           8  main.o(.data)
    LastSendData_Time_ms                     0x20000020   Data           4  main.o(.data)
    ThisSendData_Time_ms                     0x20000024   Data           4  main.o(.data)
    acce_offset                              0x20000028   Data           6  main.o(.data)
    acce_amplify                             0x20000030   Data          12  main.o(.data)
    gyro_offset                              0x2000003c   Data           6  main.o(.data)
    UartDataCheck                            0x20000042   Data           1  main.o(.data)
    UartStartFlag                            0x20000043   Data           1  main.o(.data)
    UartEndFlag                              0x20000044   Data           1  main.o(.data)
    status                                   0x20000045   Data           1  main.o(.data)
    DutyCycle                                0x20000046   Data           2  main.o(.data)
    Frequency                                0x20000048   Data           4  main.o(.data)
    time_ms                                  0x2000004c   Data           4  main.o(.data)
    gyro_raw                                 0x20000050   Data           6  main.o(.data)
    accel_raw                                0x20000056   Data           6  main.o(.data)
    acc_Tosend                               0x2000005c   Data           6  main.o(.data)
    gyro_Tosend                              0x20000062   Data           6  main.o(.data)
    temperature                              0x20000068   Data           4  main.o(.data)
    tempe                                    0x2000006c   Data           4  main.o(.data)
    timestamp_dmp                            0x20000070   Data           4  main.o(.data)
    more                                     0x20000074   Data           1  main.o(.data)
    sensors_flag                             0x20000076   Data           2  main.o(.data)
    new_gyro                                 0x20000081   Data           1  dmp.o(.data)
    TimingDelay_ms                           0x20000088   Data           4  delay.o(.data)
    dat                                      0x200000ba   Data           2  ultrasonic.o(.data)
    SystemCoreClock                          0x200000f0   Data           4  system_stm32f10x.o(.data)
    AHBPrescTable                            0x200000f4   Data          16  system_stm32f10x.o(.data)
    dmp_quat                                 0x20000104   Data          16  main.o(.bss)
    accel                                    0x20000114   Data          12  main.o(.bss)
    gyro                                     0x20000120   Data          12  main.o(.bss)
    quat_dmp                                 0x2000012c   Data          16  main.o(.bss)
    __initial_sp                             0x20000550   Data           0  startup_stm32f10x_md.o(STACK)



==============================================================================

Memory Map of the image

  Image Entry point : 0x080000ed

  Load Region LR_IROM1 (Base: 0x08000000, Size: 0x00007dd4, Max: 0x00010000, ABSOLUTE)

    Execution Region ER_IROM1 (Base: 0x08000000, Size: 0x00007cd0, Max: 0x00010000, ABSOLUTE)

    Base Addr    Size         Type   Attr      Idx    E Section Name        Object

    0x08000000   0x000000ec   Data   RO          764    RESET               startup_stm32f10x_md.o
    0x080000ec   0x00000000   Code   RO          904  * .ARM.Collect$$$$00000000  mc_w.l(entry.o)
    0x080000ec   0x00000004   Code   RO          959    .ARM.Collect$$$$00000001  mc_w.l(entry2.o)
    0x080000f0   0x00000004   Code   RO          962    .ARM.Collect$$$$00000004  mc_w.l(entry5.o)
    0x080000f4   0x00000000   Code   RO          964    .ARM.Collect$$$$00000008  mc_w.l(entry7b.o)
    0x080000f4   0x00000000   Code   RO          966    .ARM.Collect$$$$0000000A  mc_w.l(entry8b.o)
    0x080000f4   0x00000008   Code   RO          967    .ARM.Collect$$$$0000000B  mc_w.l(entry9a.o)
    0x080000fc   0x00000000   Code   RO          969    .ARM.Collect$$$$0000000D  mc_w.l(entry10a.o)
    0x080000fc   0x00000000   Code   RO          971    .ARM.Collect$$$$0000000F  mc_w.l(entry11a.o)
    0x080000fc   0x00000004   Code   RO          960    .ARM.Collect$$$$00002712  mc_w.l(entry2.o)
    0x08000100   0x00000158   Code   RO            1    .text               stm32f10x_it.o
    0x08000258   0x000001dc   Code   RO          127    .text               main.o
    0x08000434   0x00000d6c   Code   RO          284    .text               inv_mpu_dmp_motion_driver.o
    0x080011a0   0x000000e8   Code   RO          324    .text               dmp.o
    0x08001288   0x00000118   Code   RO          342    .text               delay.o
    0x080013a0   0x00001e28   Code   RO          362    .text               inv_mpu.o
    0x080031c8   0x000009e8   Code   RO          395    .text               i2c_cpp.o
    0x08003bb0   0x000000cc   Code   RO          417    .text               uart_cpp.o
    0x08003c7c   0x00000108   Code   RO          430    .text               ultrasonic.o
    0x08003d84   0x000001e4   Code   RO          455    .text               pwm_out.o
    0x08003f68   0x000009bc   Code   RO          470    .text               led.o
    0x08004924   0x000000dc   Code   RO          484    .text               misc.o
    0x08004a00   0x00000358   Code   RO          628    .text               stm32f10x_gpio.o
    0x08004d58   0x00000404   Code   RO          640    .text               stm32f10x_i2c.o
    0x0800515c   0x000003a4   Code   RO          676    .text               stm32f10x_rcc.o
    0x08005500   0x00000e1a   Code   RO          726    .text               stm32f10x_tim.o
    0x0800631a   0x00000002   PAD
    0x0800631c   0x00000408   Code   RO          738    .text               stm32f10x_usart.o
    0x08006724   0x00000024   Code   RO          765    .text               startup_stm32f10x_md.o
    0x08006748   0x000001dc   Code   RO          783    .text               system_stm32f10x.o
    0x08006924   0x0000005a   Code   RO          907    .text               mc_w.l(ldiv.o)
    0x0800697e   0x00000024   Code   RO          909    .text               mc_w.l(memcpya.o)
    0x080069a2   0x00000024   Code   RO          911    .text               mc_w.l(memseta.o)
    0x080069c6   0x0000001a   Code   RO          913    .text               mc_w.l(memcmp.o)
    0x080069e0   0x000000b0   Code   RO          917    .text               mf_w.l(fadd.o)
    0x08006a90   0x0000006c   Code   RO          919    .text               mf_w.l(fmul.o)
    0x08006afc   0x00000080   Code   RO          921    .text               mf_w.l(fdiv.o)
    0x08006b7c   0x000000e4   Code   RO          923    .text               mf_w.l(dmul.o)
    0x08006c60   0x00000012   Code   RO          925    .text               mf_w.l(fflti.o)
    0x08006c72   0x0000000a   Code   RO          927    .text               mf_w.l(ffltui.o)
    0x08006c7c   0x00000022   Code   RO          929    .text               mf_w.l(dflti.o)
    0x08006c9e   0x0000001a   Code   RO          931    .text               mf_w.l(dfltui.o)
    0x08006cb8   0x00000032   Code   RO          933    .text               mf_w.l(ffixi.o)
    0x08006cea   0x00000028   Code   RO          935    .text               mf_w.l(ffixui.o)
    0x08006d12   0x00000026   Code   RO          937    .text               mf_w.l(f2d.o)
    0x08006d38   0x00000028   Code   RO          939    .text               mf_w.l(cdcmple.o)
    0x08006d60   0x00000028   Code   RO          941    .text               mf_w.l(cdrcmple.o)
    0x08006d88   0x00000038   Code   RO          943    .text               mf_w.l(d2f.o)
    0x08006dc0   0x00000014   Code   RO          945    .text               mf_w.l(cfcmple.o)
    0x08006dd4   0x00000014   Code   RO          947    .text               mf_w.l(cfrcmple.o)
    0x08006de8   0x00000062   Code   RO          973    .text               mc_w.l(uldiv.o)
    0x08006e4a   0x00000000   Code   RO         1003    .text               mc_w.l(iusefp.o)
    0x08006e4a   0x0000006c   Code   RO         1004    .text               mf_w.l(fepilogue.o)
    0x08006eb6   0x000000be   Code   RO         1006    .text               mf_w.l(depilogue.o)
    0x08006f74   0x00000024   Code   RO         1008    .text               mc_w.l(init.o)
    0x08006f98   0x0000001e   Code   RO         1010    .text               mc_w.l(llshl.o)
    0x08006fb6   0x00000020   Code   RO         1012    .text               mc_w.l(llushr.o)
    0x08006fd6   0x00000002   PAD
    0x08006fd8   0x00000024   Code   RO          142    i._ZN3I2CC1E12_i2c_config_  main.o
    0x08006ffc   0x0000000e   Code   RO         1018    i.__scatterload_copy  mc_w.l(handlers.o)
    0x0800700a   0x00000002   Code   RO         1019    i.__scatterload_null  mc_w.l(handlers.o)
    0x0800700c   0x0000000e   Code   RO         1020    i.__scatterload_zeroinit  mc_w.l(handlers.o)
    0x0800701a   0x00000002   PAD
    0x0800701c   0x00000030   Data   RO          130    .constdata          main.o
    0x0800704c   0x00000bf6   Data   RO          286    .constdata          inv_mpu_dmp_motion_driver.o
    0x08007c42   0x00000002   PAD
    0x08007c44   0x00000054   Data   RO          363    .constdata          inv_mpu.o
    0x08007c98   0x00000008   Data   RO          397    .constdata          i2c_cpp.o
    0x08007ca0   0x00000010   Data   RO          149    .constdata__ZTV3I2C  main.o
    0x08007cb0   0x00000020   Data   RO         1016    Region$$Table       anon$$obj.o


    Execution Region RW_IRAM1 (Base: 0x20000000, Size: 0x00000550, Max: 0x00005000, ABSOLUTE)

    Base Addr    Size         Type   Attr      Idx    E Section Name        Object

    0x20000000   0x00000014   Data   RW            2    .data               stm32f10x_it.o
    0x20000014   0x00000004   PAD
    0x20000018   0x00000060   Data   RW          131    .data               main.o
    0x20000078   0x0000000a   Data   RW          325    .data               dmp.o
    0x20000082   0x00000002   PAD
    0x20000084   0x00000008   Data   RW          343    .data               delay.o
    0x2000008c   0x0000002c   Data   RW          364    .data               inv_mpu.o
    0x200000b8   0x00000002   Data   RW          398    .data               i2c_cpp.o
    0x200000ba   0x00000004   Data   RW          431    .data               ultrasonic.o
    0x200000be   0x00000002   PAD
    0x200000c0   0x0000001c   Data   RW          471    .data               led.o
    0x200000dc   0x00000014   Data   RW          677    .data               stm32f10x_rcc.o
    0x200000f0   0x00000014   Data   RW          784    .data               system_stm32f10x.o
    0x20000104   0x00000038   Zero   RW          129    .bss                main.o
    0x2000013c   0x00000010   Zero   RW          285    .bss                inv_mpu_dmp_motion_driver.o
    0x2000014c   0x00000004   PAD
    0x20000150   0x00000400   Zero   RW          762    STACK               startup_stm32f10x_md.o


==============================================================================

Image component sizes


      Code (inc. data)   RO Data    RW Data    ZI Data      Debug   Object Name

       280         24          0          8          0      17548   delay.o
       232         12          0         10          0       2022   dmp.o
      2536         58          8          2          0       7726   i2c_cpp.o
      7720         96         84         44          0      25793   inv_mpu.o
      3436        128       3062          0         16      16355   inv_mpu_dmp_motion_driver.o
      2492        100          0         28          0       8562   led.o
       512         96         64         96         56     233804   main.o
       220         20          0          0          0       2085   misc.o
       484         16          0          0          0       1719   pwm_out.o
        36          8        236          0       1024        940   startup_stm32f10x_md.o
       856         40          0          0          0       5933   stm32f10x_gpio.o
      1028         16          0          0          0       9391   stm32f10x_i2c.o
       344         50          0         20          0     262545   stm32f10x_it.o
       932         44          0         20          0       9160   stm32f10x_rcc.o
      3610         88          0          0          0      22416   stm32f10x_tim.o
      1032         22          0          0          0       8656   stm32f10x_usart.o
       476         36          0         20          0       2251   system_stm32f10x.o
       204         14          0          0          0       1617   uart_cpp.o
       264         14          0          4          0       3642   ultrasonic.o

    ----------------------------------------------------------------------
     26696        882       3488        260       1100     642165   Object Totals
         0          0         32          0          0          0   (incl. Generated)
         2          0          2          8          4          0   (incl. Padding)

    ----------------------------------------------------------------------

      Code (inc. data)   RO Data    RW Data    ZI Data      Debug   Library Member Name

         0          0          0          0          0          0   entry.o
         0          0          0          0          0          0   entry10a.o
         0          0          0          0          0          0   entry11a.o
         8          4          0          0          0          0   entry2.o
         4          0          0          0          0          0   entry5.o
         0          0          0          0          0          0   entry7b.o
         0          0          0          0          0          0   entry8b.o
         8          4          0          0          0          0   entry9a.o
        30          0          0          0          0          0   handlers.o
        36          8          0          0          0         68   init.o
         0          0          0          0          0          0   iusefp.o
        90          0          0          0          0         84   ldiv.o
        30          0          0          0          0         68   llshl.o
        32          0          0          0          0         68   llushr.o
        26          0          0          0          0         80   memcmp.o
        36          0          0          0          0         68   memcpya.o
        36          0          0          0          0        108   memseta.o
        98          0          0          0          0         92   uldiv.o
        40          2          0          0          0         68   cdcmple.o
        40          2          0          0          0         68   cdrcmple.o
        20          0          0          0          0         68   cfcmple.o
        20          0          0          0          0         68   cfrcmple.o
        56          0          0          0          0         88   d2f.o
       190          0          0          0          0        176   depilogue.o
        34          0          0          0          0         76   dflti.o
        26          0          0          0          0         76   dfltui.o
       228          0          0          0          0         92   dmul.o
        38          0          0          0          0         68   f2d.o
       176          0          0          0          0        140   fadd.o
       128          0          0          0          0         88   fdiv.o
       108          0          0          0          0        168   fepilogue.o
        50          0          0          0          0         68   ffixi.o
        40          0          0          0          0         68   ffixui.o
        18          0          0          0          0         68   fflti.o
        10          0          0          0          0         68   ffltui.o
       108          0          0          0          0         76   fmul.o

    ----------------------------------------------------------------------
      1768         20          0          0          0       2228   Library Totals
         4          0          0          0          0          0   (incl. Padding)

    ----------------------------------------------------------------------

      Code (inc. data)   RO Data    RW Data    ZI Data      Debug   Library Name

       434         16          0          0          0        636   mc_w.l
      1330          4          0          0          0       1592   mf_w.l

    ----------------------------------------------------------------------
      1768         20          0          0          0       2228   Library Totals

    ----------------------------------------------------------------------

==============================================================================


      Code (inc. data)   RO Data    RW Data    ZI Data      Debug   

     28464        902       3488        260       1100     641377   Grand Totals
     28464        902       3488        260       1100     641377   ELF Image Totals
     28464        902       3488        260          0          0   ROM Totals

==============================================================================

    Total RO  Size (Code + RO Data)                31952 (  31.20kB)
    Total RW  Size (RW Data + ZI Data)              1360 (   1.33kB)
    Total ROM Size (Code + RO Data + RW Data)      32212 (  31.46kB)

==============================================================================

